ARM Linker, 5.03 [Build 76] [MDK-ARM Professional]

==============================================================================

Section Cross References

    startup_stm32f4xx.o(STACK) refers (Special) to heapauxi.o(.text) for __use_two_region_memory
    startup_stm32f4xx.o(HEAP) refers (Special) to heapauxi.o(.text) for __use_two_region_memory
    startup_stm32f4xx.o(RESET) refers (Special) to heapauxi.o(.text) for __use_two_region_memory
    startup_stm32f4xx.o(RESET) refers to startup_stm32f4xx.o(STACK) for __initial_sp
    startup_stm32f4xx.o(RESET) refers to startup_stm32f4xx.o(.text) for Reset_Handler
    startup_stm32f4xx.o(RESET) refers to main.o(.text) for SysTick_Handler
    startup_stm32f4xx.o(.text) refers (Special) to heapauxi.o(.text) for __use_two_region_memory
    startup_stm32f4xx.o(.text) refers to system_stm32f4xx.o(.text) for SystemInit
    startup_stm32f4xx.o(.text) refers to __main.o(!!!main) for __main
    startup_stm32f4xx.o(.text) refers to startup_stm32f4xx.o(HEAP) for Heap_Mem
    startup_stm32f4xx.o(.text) refers to startup_stm32f4xx.o(STACK) for Stack_Mem
    main.o(.text) refers to f2d.o(x$fpl$f2d) for __aeabi_f2d
    main.o(.text) refers to acos.o(i.__hardfp_acos) for __hardfp_acos
    main.o(.text) refers to d2f.o(x$fpl$d2f) for __aeabi_d2f
    main.o(.text) refers to sin.o(i.__hardfp_sin) for __hardfp_sin
    main.o(.text) refers to dmul.o(x$fpl$dmul) for __aeabi_dmul
    main.o(.text) refers to cos.o(i.__hardfp_cos) for __hardfp_cos
    main.o(.text) refers to daddsub_clz.o(x$fpl$dadd) for __aeabi_dadd
    main.o(.text) refers to daddsub_clz.o(x$fpl$dsub) for __aeabi_dsub
    main.o(.text) refers to ddiv.o(x$fpl$ddiv) for __aeabi_ddiv
    main.o(.text) refers to atan.o(i.__hardfp_atan) for __hardfp_atan
    main.o(.text) refers to main.o(.data) for phi_RHL_2
    main.o(.text) refers to dfix.o(x$fpl$dfix) for __aeabi_d2iz
    main.o(.text) refers to sqrt.o(i.__hardfp_sqrt) for __hardfp_sqrt
    main.o(.text) refers to pwm.o(.text) for TIM_Config
    main.o(.text) refers to uart_dma.o(.text) for UART_DMA_CONFIG
    main.o(.text) refers to i2c.o(.text) for I2C_Config
    main.o(.text) refers to kalman.o(.text) for Kalman
    main.o(.text) refers to atan2f.o(i.__hardfp_atan2f) for __hardfp_atan2f
    main.o(.text) refers to fuzzy.o(.text) for Fuzzy_ThetaInit
    main.o(.text) refers to main.o(.bss) for rxbuffer
    main.o(.text) refers to system_stm32f4xx.o(.data) for SystemCoreClock
    main.o(.text) refers to floor.o(i.__hardfp_floor) for __hardfp_floor
    main.o(.text) refers to stm32f4xx_tim.o(.text) for TIM_GetCapture1
    main.o(.text) refers to stm32f4xx_usart.o(.text) for USART_GetITStatus
    stm32f4xx_gpio.o(.text) refers to stm32f4xx_rcc.o(.text) for RCC_AHB1PeriphResetCmd
    stm32f4xx_rcc.o(.text) refers to stm32f4xx_rcc.o(.data) for APBAHBPrescTable
    stm32f4xx_syscfg.o(.text) refers to stm32f4xx_rcc.o(.text) for RCC_APB2PeriphResetCmd
    stm32f4xx_tim.o(.text) refers to stm32f4xx_rcc.o(.text) for RCC_APB2PeriphResetCmd
    stm32f4xx_usart.o(.text) refers to stm32f4xx_rcc.o(.text) for RCC_APB2PeriphResetCmd
    stm32f4xx_adc.o(.text) refers to stm32f4xx_rcc.o(.text) for RCC_APB2PeriphResetCmd
    stm32f4xx_i2c.o(.text) refers to stm32f4xx_rcc.o(.text) for RCC_APB1PeriphResetCmd
    pwm.o(.text) refers to stm32f4xx_rcc.o(.text) for RCC_APB1PeriphClockCmd
    pwm.o(.text) refers to stm32f4xx_gpio.o(.text) for GPIO_Init
    pwm.o(.text) refers to stm32f4xx_tim.o(.text) for TIM_TimeBaseInit
    pwm.o(.text) refers to misc.o(.text) for NVIC_Init
    i2c.o(.text) refers to stm32f4xx_rcc.o(.text) for RCC_APB1PeriphClockCmd
    i2c.o(.text) refers to stm32f4xx_gpio.o(.text) for GPIO_Init
    i2c.o(.text) refers to stm32f4xx_i2c.o(.text) for I2C_Init
    i2c.o(.text) refers to misc.o(.text) for NVIC_PriorityGroupConfig
    i2c.o(.text) refers to dflt_clz.o(x$fpl$dflt) for __aeabi_i2d
    i2c.o(.text) refers to ddiv.o(x$fpl$ddiv) for __aeabi_ddiv
    i2c.o(.text) refers to d2f.o(x$fpl$d2f) for __aeabi_d2f
    i2c.o(.text) refers to daddsub_clz.o(x$fpl$dadd) for __aeabi_dadd
    kalman.o(.text) refers to daddsub_clz.o(x$fpl$dsub) for __aeabi_dsub
    kalman.o(.text) refers to dmul.o(x$fpl$dmul) for __aeabi_dmul
    kalman.o(.text) refers to daddsub_clz.o(x$fpl$dadd) for __aeabi_dadd
    kalman.o(.text) refers to daddsub_clz.o(x$fpl$drsb) for __aeabi_drsub
    kalman.o(.text) refers to ddiv.o(x$fpl$ddiv) for __aeabi_ddiv
    kalman.o(.text) refers to kalman.o(.data) for Q_angle
    kalman.o(.text) refers to kalman.o(.bss) for P
    matrix.o(.text) refers to calloc.o(.text) for calloc
    matrix.o(.text) refers to f2d.o(x$fpl$f2d) for __aeabi_f2d
    matrix.o(.text) refers to fabs.o(i.__hardfp_fabs) for __hardfp_fabs
    matrix.o(.text) refers to drleqf.o(x$fpl$drleqf) for __aeabi_cdrcmple
    matrix.o(.text) refers to h1_free.o(.text) for free
    uart_dma.o(.text) refers to stm32f4xx_rcc.o(.text) for RCC_AHB1PeriphClockCmd
[...]
    _fp_trap_init                             - Undefined Weak Reference
    _fp_trap_shutdown                         - Undefined Weak Reference
    _get_lc_collate                           - Undefined Weak Reference
    _get_lc_ctype                             - Undefined Weak Reference
    _get_lc_monetary                          - Undefined Weak Reference
    _get_lc_numeric                           - Undefined Weak Reference
    _get_lc_time                              - Undefined Weak Reference
    _getenv_init                              - Undefined Weak Reference
    _handle_redirection                       - Undefined Weak Reference
    _initio                                   - Undefined Weak Reference
    _mutex_acquire                            - Undefined Weak Reference
    _mutex_free                               - Undefined Weak Reference
    _mutex_release                            - Undefined Weak Reference
    _rand_init                                - Undefined Weak Reference
    _signal_finish                            - Undefined Weak Reference
    _signal_init                              - Undefined Weak Reference
    _terminateio                              - Undefined Weak Reference
    __Vectors_Size                           0x00000188   Number         0  startup_stm32f4xx.o ABSOLUTE
    __Vectors                                0x08000000   Data           4  startup_stm32f4xx.o(RESET)
    __Vectors_End                            0x08000188   Data           0  startup_stm32f4xx.o(RESET)
    __main                                   0x08000189   Thumb Code     8  __main.o(!!!main)
    __scatterload                            0x08000191   Thumb Code     0  __scatter.o(!!!scatter)
    __scatterload_rt2                        0x08000191   Thumb Code    44  __scatter.o(!!!scatter)
    __scatterload_rt2_thumb_only             0x08000191   Thumb Code     0  __scatter.o(!!!scatter)
    __scatterload_null                       0x0800019f   Thumb Code     0  __scatter.o(!!!scatter)
    __decompress                             0x080001c5   Thumb Code    90  __dczerorl2.o(!!dczerorl2)
    __decompress1                            0x080001c5   Thumb Code     0  __dczerorl2.o(!!dczerorl2)
    __scatterload_zeroinit                   0x08000221   Thumb Code    28  __scatter_zi.o(!!handler_zi)
    __rt_lib_init                            0x0800023d   Thumb Code     0  libinit.o(.ARM.Collect$$libinit$$00000000)
    __rt_lib_init_fp_1                       0x0800023f   Thumb Code     0  libinit2.o(.ARM.Collect$$libinit$$00000001)
    __rt_lib_init_alloca_1                   0x08000243   Thumb Code     0  libinit2.o(.ARM.Collect$$libinit$$0000002C)
    __rt_lib_init_argv_1                     0x08000243   Thumb Code     0  libinit2.o(.ARM.Collect$$libinit$$0000002A)
    __rt_lib_init_atexit_1                   0x08000243   Thumb Code     0  libinit2.o(.ARM.Collect$$libinit$$00000019)
    __rt_lib_init_clock_1                    0x08000243   Thumb Code     0  libinit2.o(.ARM.Collect$$libinit$$0000001F)
    __rt_lib_init_cpp_1                      0x08000243   Thumb Code     0  libinit2.o(.ARM.Collect$$libinit$$00000030)
    __rt_lib_init_exceptions_1               0x08000243   Thumb Code     0  libinit2.o(.ARM.Collect$$libinit$$0000002E)
    __rt_lib_init_fp_trap_1                  0x08000243   Thumb Code     0  libinit2.o(.ARM.Collect$$libinit$$0000001D)
    __rt_lib_init_getenv_1                   0x08000243   Thumb Code     0  libinit2.o(.ARM.Collect$$libinit$$00000021)
    __rt_lib_init_heap_1                     0x08000243   Thumb Code     0  libinit2.o(.ARM.Collect$$libinit$$00000008)
    __rt_lib_init_lc_collate_1               0x08000243   Thumb Code     0  libinit2.o(.ARM.Collect$$libinit$$0000000F)
    __rt_lib_init_lc_ctype_1                 0x08000243   Thumb Code     0  libinit2.o(.ARM.Collect$$libinit$$00000011)
    __rt_lib_init_lc_monetary_1              0x08000243   Thumb Code     0  libinit2.o(.ARM.Collect$$libinit$$00000013)
    __rt_lib_init_lc_numeric_1               0x08000243   Thumb Code     0  libinit2.o(.ARM.Collect$$libinit$$00000015)
    __rt_lib_init_lc_time_1                  0x08000243   Thumb Code     0  libinit2.o(.ARM.Collect$$libinit$$00000017)
    __rt_lib_init_rand_1                     0x08000243   Thumb Code     0  libinit2.o(.ARM.Collect$$libinit$$0000000C)
    __rt_lib_init_return                     0x08000243   Thumb Code     0  libinit2.o(.ARM.Collect$$libinit$$00000031)
    __rt_lib_init_signal_1                   0x08000243   Thumb Code     0  libinit2.o(.ARM.Collect$$libinit$$0000001B)
    __rt_lib_init_stdio_1                    0x08000243   Thumb Code     0  libinit2.o(.ARM.Collect$$libinit$$00000023)
    __rt_lib_init_user_alloc_1               0x08000243   Thumb Code     0  libinit2.o(.ARM.Collect$$libinit$$0000000A)
    __rt_lib_shutdown                        0x08000245   Thumb Code     0  libshutdown.o(.ARM.Collect$$libshutdown$$00000000)
    __rt_lib_shutdown_fp_trap_1              0x08000247   Thumb Code     0  libshutdown2.o(.ARM.Collect$$libshutdown$$00000006)
    __rt_lib_shutdown_heap_1                 0x08000247   Thumb Code     0  libshutdown2.o(.ARM.Collect$$libshutdown$$0000000E)
    __rt_lib_shutdown_return                 0x08000247   Thumb Code     0  libshutdown2.o(.ARM.Collect$$libshutdown$$0000000F)
    __rt_lib_shutdown_signal_1               0x08000247   Thumb Code     0  libshutdown2.o(.ARM.Collect$$libshutdown$$00000009)
    __rt_lib_shutdown_stdio_1                0x08000247   Thumb Code     0  libshutdown2.o(.ARM.Collect$$libshutdown$$00000003)
    __rt_lib_shutdown_user_alloc_1           0x08000247   Thumb Code     0  libshutdown2.o(.ARM.Collect$$libshutdown$$0000000B)
    __rt_entry                               0x08000249   Thumb Code     0  rtentry.o(.ARM.Collect$$rtentry$$00000000)
    __rt_entry_presh_1                       0x08000249   Thumb Code     0  rtentry2.o(.ARM.Collect$$rtentry$$00000002)
    __rt_entry_sh                            0x08000249   Thumb Code     0  rtentry4.o(.ARM.Collect$$rtentry$$00000004)
    __rt_entry_li                            0x0800024f   Thumb Code     0  rtentry2.o(.ARM.Collect$$rtentry$$0000000A)
    __rt_entry_postsh_1                      0x0800024f   Thumb Code     0  rtentry2.o(.ARM.Collect$$rtentry$$00000009)
    __rt_entry_main                          0x08000253   Thumb Code     0  rtentry2.o(.ARM.Collect$$rtentry$$0000000D)
    __rt_entry_postli_1                      0x08000253   Thumb Code     0  rtentry2.o(.ARM.Collect$$rtentry$$0000000C)
    __rt_exit                                0x0800025b   Thumb Code     0  rtexit.o(.ARM.Collect$$rtexit$$00000000)
    __rt_exit_ls                             0x0800025d   Thumb Code     0  rtexit2.o(.ARM.Collect$$rtexit$$00000003)
    __rt_exit_prels_1                        0x0800025d   Thumb Code     0  rtexit2.o(.ARM.Collect$$rtexit$$00000002)
    __rt_exit_exit                           0x08000261   Thumb Code     0  rtexit2.o(.ARM.Collect$$rtexit$$00000004)
    Reset_Handler                            0x08000269   Thumb Code     8  startup_stm32f4xx.o(.text)
    NMI_Handler                              0x08000271   Thumb Code     2  startup_stm32f4xx.o(.text)
    HardFault_Handler                        0x08000273   Thumb Code     2  startup_stm32f4xx.o(.text)
    MemManage_Handler                        0x08000275   Thumb Code     2  startup_stm32f4xx.o(.text)
    BusFault_Handler                         0x08000277   Thumb Code     2  startup_stm32f4xx.o(.text)
    UsageFault_Handler                       0x08000279   Thumb Code     2  startup_stm32f4xx.o(.text)
    SVC_Handler                              0x0800027b   Thumb Code     2  startup_stm32f4xx.o(.text)
    DebugMon_Handler                         0x0800027d   Thumb Code     2  startup_stm32f4xx.o(.text)
    PendSV_Handler                           0x0800027f   Thumb Code     2  startup_stm32f4xx.o(.text)
    ADC_IRQHandler                           0x08000283   Thumb Code     0  startup_stm32f4xx.o(.text)
    CAN1_RX0_IRQHandler                      0x08000283   Thumb Code     0  startup_stm32f4xx.o(.text)
    CAN1_RX1_IRQHandler                      0x08000283   Thumb Code     0  startup_stm32f4xx.o(.text)
    CAN1_SCE_IRQHandler                      0x08000283   Thumb Code     0  startup_stm32f4xx.o(.text)
    CAN1_TX_IRQHandler                       0x08000283   Thumb Code     0  startup_stm32f4xx.o(.text)
    CAN2_RX0_IRQHandler                      0x08000283   Thumb Code     0  startup_stm32f4xx.o(.text)
    CAN2_RX1_IRQHandler                      0x08000283   Thumb Code     0  startup_stm32f4xx.o(.text)
    CAN2_SCE_IRQHandler                      0x08000283   Thumb Code     0  startup_stm32f4xx.o(.text)
    CAN2_TX_IRQHandler                       0x08000283   Thumb Code     0  startup_stm32f4xx.o(.text)
    CRYP_IRQHandler                          0x08000283   Thumb Code     0  startup_stm32f4xx.o(.text)
    DCMI_IRQHandler                          0x08000283   Thumb Code     0  startup_stm32f4xx.o(.text)
    DMA1_Stream0_IRQHandler                  0x08000283   Thumb Code     0  startup_stm32f4xx.o(.text)
    DMA1_Stream1_IRQHandler                  0x08000283   Thumb Code     0  startup_stm32f4xx.o(.text)
    DMA1_Stream2_IRQHandler                  0x08000283   Thumb Code     0  startup_stm32f4xx.o(.text)
    DMA1_Stream3_IRQHandler                  0x08000283   Thumb Code     0  startup_stm32f4xx.o(.text)
    DMA1_Stream4_IRQHandler                  0x08000283   Thumb Code     0  startup_stm32f4xx.o(.text)
    DMA1_Stream5_IRQHandler                  0x08000283   Thumb Code     0  startup_stm32f4xx.o(.text)
    DMA1_Stream6_IRQHandler                  0x08000283   Thumb Code     0  startup_stm32f4xx.o(.text)
    DMA1_Stream7_IRQHandler                  0x08000283   Thumb Code     0  startup_stm32f4xx.o(.text)
    DMA2_Stream0_IRQHandler                  0x08000283   Thumb Code     0  startup_stm32f4xx.o(.text)
    DMA2_Stream1_IRQHandler                  0x08000283   Thumb Code     0  startup_stm32f4xx.o(.text)
    DMA2_Stream2_IRQHandler                  0x08000283   Thumb Code     0  startup_stm32f4xx.o(.text)
    DMA2_Stream3_IRQHandler                  0x08000283   Thumb Code     0  startup_stm32f4xx.o(.text)
    DMA2_Stream4_IRQHandler                  0x08000283   Thumb Code     0  startup_stm32f4xx.o(.text)
    DMA2_Stream5_IRQHandler                  0x08000283   Thumb Code     0  startup_stm32f4xx.o(.text)
    DMA2_Stream6_IRQHandler                  0x08000283   Thumb Code     0  startup_stm32f4xx.o(.text)
    DMA2_Stream7_IRQHandler                  0x08000283   Thumb Code     0  startup_stm32f4xx.o(.text)
    ETH_IRQHandler                           0x08000283   Thumb Code     0  startup_stm32f4xx.o(.text)
    ETH_WKUP_IRQHandler                      0x08000283   Thumb Code     0  startup_stm32f4xx.o(.text)
    EXTI0_IRQHandler                         0x08000283   Thumb Code     0  startup_stm32f4xx.o(.text)
    EXTI15_10_IRQHandler                     0x08000283   Thumb Code     0  startup_stm32f4xx.o(.text)
    EXTI1_IRQHandler                         0x08000283   Thumb Code     0  startup_stm32f4xx.o(.text)
    EXTI2_IRQHandler                         0x08000283   Thumb Code     0  startup_stm32f4xx.o(.text)
    EXTI3_IRQHandler                         0x08000283   Thumb Code     0  startup_stm32f4xx.o(.text)
    EXTI4_IRQHandler                         0x08000283   Thumb Code     0  startup_stm32f4xx.o(.text)
    EXTI9_5_IRQHandler                       0x08000283   Thumb Code     0  startup_stm32f4xx.o(.text)
    FLASH_IRQHandler                         0x08000283   Thumb Code     0  startup_stm32f4xx.o(.text)
    FPU_IRQHandler                           0x08000283   Thumb Code     0  startup_stm32f4xx.o(.text)
    FSMC_IRQHandler                          0x08000283   Thumb Code     0  startup_stm32f4xx.o(.text)
    HASH_RNG_IRQHandler                      0x08000283   Thumb Code     0  startup_stm32f4xx.o(.text)
    I2C1_ER_IRQHandler                       0x08000283   Thumb Code     0  startup_stm32f4xx.o(.text)
    I2C1_EV_IRQHandler                       0x08000283   Thumb Code     0  startup_stm32f4xx.o(.text)
    I2C2_ER_IRQHandler                       0x08000283   Thumb Code     0  startup_stm32f4xx.o(.text)
    I2C2_EV_IRQHandler                       0x08000283   Thumb Code     0  startup_stm32f4xx.o(.text)
    I2C3_ER_IRQHandler                       0x08000283   Thumb Code     0  startup_stm32f4xx.o(.text)
    I2C3_EV_IRQHandler                       0x08000283   Thumb Code     0  startup_stm32f4xx.o(.text)
    OTG_FS_IRQHandler                        0x08000283   Thumb Code     0  startup_stm32f4xx.o(.text)
    OTG_FS_WKUP_IRQHandler                   0x08000283   Thumb Code     0  startup_stm32f4xx.o(.text)
    OTG_HS_EP1_IN_IRQHandler                 0x08000283   Thumb Code     0  startup_stm32f4xx.o(.text)
    OTG_HS_EP1_OUT_IRQHandler                0x08000283   Thumb Code     0  startup_stm32f4xx.o(.text)
    OTG_HS_IRQHandler                        0x08000283   Thumb Code     0  startup_stm32f4xx.o(.text)
    OTG_HS_WKUP_IRQHandler                   0x08000283   Thumb Code     0  startup_stm32f4xx.o(.text)
    PVD_IRQHandler                           0x08000283   Thumb Code     0  startup_stm32f4xx.o(.text)
    RCC_IRQHandler                           0x08000283   Thumb Code     0  startup_stm32f4xx.o(.text)
    RTC_Alarm_IRQHandler                     0x08000283   Thumb Code     0  startup_stm32f4xx.o(.text)
    RTC_WKUP_IRQHandler                      0x08000283   Thumb Code     0  startup_stm32f4xx.o(.text)
    SDIO_IRQHandler                          0x08000283   Thumb Code     0  startup_stm32f4xx.o(.text)
    SPI1_IRQHandler                          0x08000283   Thumb Code     0  startup_stm32f4xx.o(.text)
    SPI2_IRQHandler                          0x08000283   Thumb Code     0  startup_stm32f4xx.o(.text)
    SPI3_IRQHandler                          0x08000283   Thumb Code     0  startup_stm32f4xx.o(.text)
    TAMP_STAMP_IRQHandler                    0x08000283   Thumb Code     0  startup_stm32f4xx.o(.text)
    TIM1_BRK_TIM9_IRQHandler                 0x08000283   Thumb Code     0  startup_stm32f4xx.o(.text)
    TIM1_CC_IRQHandler                       0x08000283   Thumb Code     0  startup_stm32f4xx.o(.text)
    TIM1_TRG_COM_TIM11_IRQHandler            0x08000283   Thumb Code     0  startup_stm32f4xx.o(.text)
    TIM1_UP_TIM10_IRQHandler                 0x08000283   Thumb Code     0  startup_stm32f4xx.o(.text)
    TIM2_IRQHandler                          0x08000283   Thumb Code     0  startup_stm32f4xx.o(.text)
    TIM3_IRQHandler                          0x08000283   Thumb Code     0  startup_stm32f4xx.o(.text)
    TIM4_IRQHandler                          0x08000283   Thumb Code     0  startup_stm32f4xx.o(.text)
    TIM5_IRQHandler                          0x08000283   Thumb Code     0  startup_stm32f4xx.o(.text)
    TIM6_DAC_IRQHandler                      0x08000283   Thumb Code     0  startup_stm32f4xx.o(.text)
    TIM7_IRQHandler                          0x08000283   Thumb Code     0  startup_stm32f4xx.o(.text)
    TIM8_BRK_TIM12_IRQHandler                0x08000283   Thumb Code     0  startup_stm32f4xx.o(.text)
    TIM8_CC_IRQHandler                       0x08000283   Thumb Code     0  startup_stm32f4xx.o(.text)
    TIM8_TRG_COM_TIM14_IRQHandler            0x08000283   Thumb Code     0  startup_stm32f4xx.o(.text)
    TIM8_UP_TIM13_IRQHandler                 0x08000283   Thumb Code     0  startup_stm32f4xx.o(.text)
    UART4_IRQHandler                         0x08000283   Thumb Code     0  startup_stm32f4xx.o(.text)
    UART5_IRQHandler                         0x08000283   Thumb Code     0  startup_stm32f4xx.o(.text)
    USART1_IRQHandler                        0x08000283   Thumb Code     0  startup_stm32f4xx.o(.text)
    USART2_IRQHandler                        0x08000283   Thumb Code     0  startup_stm32f4xx.o(.text)
    USART6_IRQHandler                        0x08000283   Thumb Code     0  startup_stm32f4xx.o(.text)
    WWDG_IRQHandler                          0x08000283   Thumb Code     0  startup_stm32f4xx.o(.text)
    __user_initial_stackheap                 0x08000285   Thumb Code     0  startup_stm32f4xx.o(.text)
    Delay                                    0x080002a9   Thumb Code    18  main.o(.text)
    RHL_2_set                                0x080002bb   Thumb Code    22  main.o(.text)
    RHL_1_set                                0x080002d1   Thumb Code    24  main.o(.text)
    RHL_IK_2DOF                              0x080002e9   Thumb Code   832  main.o(.text)
    LHL_2_set                                0x08000629   Thumb Code    24  main.o(.text)
    LHL_1_set                                0x08000641   Thumb Code    24  main.o(.text)
    LHL_IK_2DOF                              0x08000659   Thumb Code   914  main.o(.text)
    RFL_2_set                                0x080009eb   Thumb Code    24  main.o(.text)
    RFL_1_set                                0x08000a03   Thumb Code    24  main.o(.text)
    RFL_IK_2DOF                              0x08000a1b   Thumb Code   902  main.o(.text)
    LFL_2_set                                0x08000da1   Thumb Code    22  main.o(.text)
    LFL_1_set                                0x08000db7   Thumb Code    24  main.o(.text)
    LFL_IK_2DOF                              0x08000dcf   Thumb Code   832  main.o(.text)
    RHL_0_set                                0x0800110f   Thumb Code    24  main.o(.text)
    RFL_0_set                                0x08001127   Thumb Code    24  main.o(.text)
    LHL_0_set                                0x0800113f   Thumb Code    24  main.o(.text)
    LFL_0_set                                0x08001157   Thumb Code   106  main.o(.text)
    creep                                    0x080011c1   Thumb Code  7462  main.o(.text)
    X360_Y2_Analog                           0x08002ee7   Thumb Code    18  main.o(.text)
    trot                                     0x08002ef9   Thumb Code  3530  main.o(.text)
    X360_Y1_Analog                           0x08003cc3   Thumb Code    30  main.o(.text)
    action4                                  0x08003ce1   Thumb Code     2  main.o(.text)
    action3                                  0x08003ce3   Thumb Code     2  main.o(.text)
    action2                                  0x08003ce5   Thumb Code     2  main.o(.text)
    RHL_IK                                   0x08003ce7   Thumb Code  1240  main.o(.text)
    LHL_IK                                   0x080041bf   Thumb Code  1222  main.o(.text)
    RFL_IK                                   0x08004685   Thumb Code  1214  main.o(.text)
    LFL_IK                                   0x08004b43   Thumb Code  1200  main.o(.text)
    action1                                  0x08004ff3   Thumb Code    76  main.o(.text)
    X360_button                              0x0800503f   Thumb Code    52  main.o(.text)
    Zero_state                               0x08005073   Thumb Code   100  main.o(.text)
    main                                     0x080050d7   Thumb Code   272  main.o(.text)
    X360_X1_Analog                           0x080051e7   Thumb Code   218  main.o(.text)
    GetTicker                                0x080052c1   Thumb Code     6  main.o(.text)
    UART_TX                                  0x080052c7   Thumb Code    86  main.o(.text)
    fuzzy                                    0x0800531d   Thumb Code   396  main.o(.text)
    Read_MPU                                 0x080054a9   Thumb Code   700  main.o(.text)
    timer                                    0x08005765   Thumb Code    40  main.o(.text)
    feedback                                 0x0800578d   Thumb Code   348  main.o(.text)
    RHL_0_execute                            0x080058e9   Thumb Code   140  main.o(.text)
    RHL_1_execute                            0x08005975   Thumb Code   140  main.o(.text)
    RHL_2_execute                            0x08005a01   Thumb Code   140  main.o(.text)
    RFL_0_execute                            0x08005a8d   Thumb Code   140  main.o(.text)
    RFL_1_execute                            0x08005b19   Thumb Code   282  main.o(.text)
    RFL_2_execute                            0x08005c33   Thumb Code   140  main.o(.text)
    LHL_0_execute                            0x08005cbf   Thumb Code   146  main.o(.text)
    LHL_1_execute                            0x08005d51   Thumb Code   146  main.o(.text)
    LHL_2_execute                            0x08005de3   Thumb Code   146  main.o(.text)
    LFL_0_execute                            0x08005e75   Thumb Code   140  main.o(.text)
    LFL_1_execute                            0x08005f01   Thumb Code   140  main.o(.text)
    LFL_2_execute                            0x08005f8d   Thumb Code   250  main.o(.text)
    SysTick_Handler                          0x08006087   Thumb Code   126  main.o(.text)
    USART3_IRQHandler                        0x08006105   Thumb Code   264  main.o(.text)
    bound                                    0x0800620d   Thumb Code     2  main.o(.text)
    NVIC_PriorityGroupConfig                 0x08006251   Thumb Code    10  misc.o(.text)
    NVIC_Init                                0x0800625b   Thumb Code   108  misc.o(.text)
    NVIC_SetVectorTable                      0x080062c7   Thumb Code    14  misc.o(.text)
    NVIC_SystemLPConfig                      0x080062d5   Thumb Code    34  misc.o(.text)
    SysTick_CLKSourceConfig                  0x080062f7   Thumb Code    40  misc.o(.text)
    DMA_DeInit                               0x08006335   Thumb Code   324  stm32f4xx_dma.o(.text)
    DMA_Init                                 0x08006479   Thumb Code    82  stm32f4xx_dma.o(.text)
    DMA_StructInit                           0x080064cb   Thumb Code    34  stm32f4xx_dma.o(.text)
    DMA_Cmd                                  0x080064ed   Thumb Code    22  stm32f4xx_dma.o(.text)
    DMA_PeriphIncOffsetSizeConfig            0x08006503   Thumb Code    22  stm32f4xx_dma.o(.text)
    DMA_FlowControllerConfig                 0x08006519   Thumb Code    22  stm32f4xx_dma.o(.text)
    DMA_SetCurrDataCounter                   0x0800652f   Thumb Code     4  stm32f4xx_dma.o(.text)
    DMA_GetCurrDataCounter                   0x08006533   Thumb Code     8  stm32f4xx_dma.o(.text)
    DMA_DoubleBufferModeConfig               0x0800653b   Thumb Code    24  stm32f4xx_dma.o(.text)
    DMA_DoubleBufferModeCmd                  0x08006553   Thumb Code    22  stm32f4xx_dma.o(.text)
    DMA_MemoryTargetConfig                   0x08006569   Thumb Code    10  stm32f4xx_dma.o(.text)
    DMA_GetCurrentMemoryTarget               0x08006573   Thumb Code    20  stm32f4xx_dma.o(.text)
    DMA_GetCmdStatus                         0x08006587   Thumb Code    20  stm32f4xx_dma.o(.text)
    DMA_GetFIFOStatus                        0x0800659b   Thumb Code    12  stm32f4xx_dma.o(.text)
    DMA_GetFlagStatus                        0x080065a7   Thumb Code    54  stm32f4xx_dma.o(.text)
    DMA_ClearFlag                            0x080065dd   Thumb Code    40  stm32f4xx_dma.o(.text)
    DMA_ITConfig                             0x08006605   Thumb Code    58  stm32f4xx_dma.o(.text)
    DMA_GetITStatus                          0x0800663f   Thumb Code    82  stm32f4xx_dma.o(.text)
    DMA_ClearITPendingBit                    0x08006691   Thumb Code    40  stm32f4xx_dma.o(.text)
    GPIO_DeInit                              0x080066d9   Thumb Code   220  stm32f4xx_gpio.o(.text)
    GPIO_Init                                0x080067b5   Thumb Code   144  stm32f4xx_gpio.o(.text)
    GPIO_StructInit                          0x08006845   Thumb Code    18  stm32f4xx_gpio.o(.text)
    GPIO_PinLockConfig                       0x08006857   Thumb Code    34  stm32f4xx_gpio.o(.text)
    GPIO_ReadInputDataBit                    0x08006879   Thumb Code    18  stm32f4xx_gpio.o(.text)
    GPIO_ReadInputData                       0x0800688b   Thumb Code     8  stm32f4xx_gpio.o(.text)
    GPIO_ReadOutputDataBit                   0x08006893   Thumb Code    18  stm32f4xx_gpio.o(.text)
    GPIO_ReadOutputData                      0x080068a5   Thumb Code     8  stm32f4xx_gpio.o(.text)
    GPIO_SetBits                             0x080068ad   Thumb Code     4  stm32f4xx_gpio.o(.text)
    GPIO_ResetBits                           0x080068b1   Thumb Code     4  stm32f4xx_gpio.o(.text)
    GPIO_WriteBit                            0x080068b5   Thumb Code    10  stm32f4xx_gpio.o(.text)
    GPIO_Write                               0x080068bf   Thumb Code     4  stm32f4xx_gpio.o(.text)
    GPIO_ToggleBits                          0x080068c3   Thumb Code     8  stm32f4xx_gpio.o(.text)
    GPIO_PinAFConfig                         0x080068cb   Thumb Code    70  stm32f4xx_gpio.o(.text)
    RCC_DeInit                               0x08006935   Thumb Code    60  stm32f4xx_rcc.o(.text)
    RCC_HSEConfig                            0x08006971   Thumb Code    14  stm32f4xx_rcc.o(.text)
    RCC_GetFlagStatus                        0x0800697f   Thumb Code    60  stm32f4xx_rcc.o(.text)
    RCC_WaitForHSEStartUp                    0x080069bb   Thumb Code    56  stm32f4xx_rcc.o(.text)
    RCC_AdjustHSICalibrationValue            0x080069f3   Thumb Code    20  stm32f4xx_rcc.o(.text)
    RCC_HSICmd                               0x08006a07   Thumb Code     6  stm32f4xx_rcc.o(.text)
    RCC_LSEConfig                            0x08006a0d   Thumb Code    46  stm32f4xx_rcc.o(.text)
    RCC_LSICmd                               0x08006a3b   Thumb Code     6  stm32f4xx_rcc.o(.text)
    RCC_PLLConfig                            0x08006a41   Thumb Code    32  stm32f4xx_rcc.o(.text)
    RCC_PLLCmd                               0x08006a61   Thumb Code     6  stm32f4xx_rcc.o(.text)
    RCC_PLLI2SConfig                         0x08006a67   Thumb Code    14  stm32f4xx_rcc.o(.text)
    RCC_PLLI2SCmd                            0x08006a75   Thumb Code     6  stm32f4xx_rcc.o(.text)
    RCC_ClockSecuritySystemCmd               0x08006a7b   Thumb Code     6  stm32f4xx_rcc.o(.text)
    RCC_MCO1Config                           0x08006a81   Thumb Code    28  stm32f4xx_rcc.o(.text)
    RCC_MCO2Config                           0x08006a9d   Thumb Code    28  stm32f4xx_rcc.o(.text)
    RCC_SYSCLKConfig                         0x08006ab9   Thumb Code    20  stm32f4xx_rcc.o(.text)
    RCC_GetSYSCLKSource                      0x08006acd   Thumb Code    12  stm32f4xx_rcc.o(.text)
    RCC_HCLKConfig                           0x08006ad9   Thumb Code    20  stm32f4xx_rcc.o(.text)
    RCC_PCLK1Config                          0x08006aed   Thumb Code    20  stm32f4xx_rcc.o(.text)
    RCC_PCLK2Config                          0x08006b01   Thumb Code    22  stm32f4xx_rcc.o(.text)
    RCC_GetClocksFreq                        0x08006b17   Thumb Code   222  stm32f4xx_rcc.o(.text)
    RCC_RTCCLKConfig                         0x08006bf5   Thumb Code    54  stm32f4xx_rcc.o(.text)
    RCC_RTCCLKCmd                            0x08006c2b   Thumb Code     8  stm32f4xx_rcc.o(.text)
    RCC_BackupResetCmd                       0x08006c33   Thumb Code     8  stm32f4xx_rcc.o(.text)
    RCC_I2SCLKConfig                         0x08006c3b   Thumb Code     6  stm32f4xx_rcc.o(.text)
    RCC_AHB1PeriphClockCmd                   0x08006c41   Thumb Code    34  stm32f4xx_rcc.o(.text)
    RCC_AHB2PeriphClockCmd                   0x08006c63   Thumb Code    34  stm32f4xx_rcc.o(.text)
    RCC_AHB3PeriphClockCmd                   0x08006c85   Thumb Code    34  stm32f4xx_rcc.o(.text)
    RCC_APB1PeriphClockCmd                   0x08006ca7   Thumb Code    34  stm32f4xx_rcc.o(.text)
    RCC_APB2PeriphClockCmd                   0x08006cc9   Thumb Code    34  stm32f4xx_rcc.o(.text)
    RCC_AHB1PeriphResetCmd                   0x08006ceb   Thumb Code    34  stm32f4xx_rcc.o(.text)
    RCC_AHB2PeriphResetCmd                   0x08006d0d   Thumb Code    72  stm32f4xx_rcc.o(.text)
    RCC_AHB3PeriphResetCmd                   0x08006d55   Thumb Code    34  stm32f4xx_rcc.o(.text)
    RCC_APB1PeriphResetCmd                   0x08006d77   Thumb Code    34  stm32f4xx_rcc.o(.text)
    RCC_APB2PeriphResetCmd                   0x08006d99   Thumb Code    34  stm32f4xx_rcc.o(.text)
    RCC_AHB1PeriphClockLPModeCmd             0x08006dbb   Thumb Code    34  stm32f4xx_rcc.o(.text)
    RCC_AHB2PeriphClockLPModeCmd             0x08006ddd   Thumb Code    34  stm32f4xx_rcc.o(.text)
    RCC_AHB3PeriphClockLPModeCmd             0x08006dff   Thumb Code    34  stm32f4xx_rcc.o(.text)
    RCC_APB1PeriphClockLPModeCmd             0x08006e21   Thumb Code    34  stm32f4xx_rcc.o(.text)
    RCC_APB2PeriphClockLPModeCmd             0x08006e43   Thumb Code    34  stm32f4xx_rcc.o(.text)
    RCC_ITConfig                             0x08006e65   Thumb Code    34  stm32f4xx_rcc.o(.text)
    RCC_ClearFlag                            0x08006e87   Thumb Code    18  stm32f4xx_rcc.o(.text)
    RCC_GetITStatus                          0x08006e99   Thumb Code    22  stm32f4xx_rcc.o(.text)
    RCC_ClearITPendingBit                    0x08006eaf   Thumb Code     8  stm32f4xx_rcc.o(.text)
    TIM_DeInit                               0x08006ebd   Thumb Code   346  stm32f4xx_tim.o(.text)
    TIM_TimeBaseInit                         0x08007017   Thumb Code   104  stm32f4xx_tim.o(.text)
    TIM_TimeBaseStructInit                   0x0800707f   Thumb Code    18  stm32f4xx_tim.o(.text)
    TIM_PrescalerConfig                      0x08007091   Thumb Code     6  stm32f4xx_tim.o(.text)
    TIM_CounterModeConfig                    0x08007097   Thumb Code    18  stm32f4xx_tim.o(.text)
    TIM_SetCounter                           0x080070a9   Thumb Code     4  stm32f4xx_tim.o(.text)
    TIM_SetAutoreload                        0x080070ad   Thumb Code     4  stm32f4xx_tim.o(.text)
    TIM_GetCounter                           0x080070b1   Thumb Code     6  stm32f4xx_tim.o(.text)
    TIM_GetPrescaler                         0x080070b7   Thumb Code     6  stm32f4xx_tim.o(.text)
    TIM_UpdateDisableConfig                  0x080070bd   Thumb Code    24  stm32f4xx_tim.o(.text)
    TIM_UpdateRequestConfig                  0x080070d5   Thumb Code    24  stm32f4xx_tim.o(.text)
    TIM_ARRPreloadConfig                     0x080070ed   Thumb Code    24  stm32f4xx_tim.o(.text)
    TIM_SelectOnePulseMode                   0x08007105   Thumb Code    18  stm32f4xx_tim.o(.text)
    TIM_SetClockDivision                     0x08007117   Thumb Code    18  stm32f4xx_tim.o(.text)
    TIM_Cmd                                  0x08007129   Thumb Code    24  stm32f4xx_tim.o(.text)
    TIM_OC1Init                              0x08007141   Thumb Code   114  stm32f4xx_tim.o(.text)
    TIM_OC2Init                              0x080071b3   Thumb Code   154  stm32f4xx_tim.o(.text)
    TIM_OC3Init                              0x0800724d   Thumb Code   204  stm32f4xx_tim.o(.text)
    TIM_OC4Init                              0x08007319   Thumb Code   112  stm32f4xx_tim.o(.text)
    TIM_OCStructInit                         0x08007389   Thumb Code    20  stm32f4xx_tim.o(.text)
    TIM_SelectOCxM                           0x0800739d   Thumb Code    86  stm32f4xx_tim.o(.text)
    TIM_SetCompare1                          0x080073f3   Thumb Code     4  stm32f4xx_tim.o(.text)
    TIM_SetCompare2                          0x080073f7   Thumb Code     4  stm32f4xx_tim.o(.text)
    TIM_SetCompare3                          0x080073fb   Thumb Code     4  stm32f4xx_tim.o(.text)
    TIM_SetCompare4                          0x080073ff   Thumb Code     4  stm32f4xx_tim.o(.text)
    TIM_ForcedOC1Config                      0x08007403   Thumb Code    18  stm32f4xx_tim.o(.text)
    TIM_ForcedOC2Config                      0x08007415   Thumb Code    26  stm32f4xx_tim.o(.text)
    TIM_ForcedOC3Config                      0x0800742f   Thumb Code    18  stm32f4xx_tim.o(.text)
    TIM_ForcedOC4Config                      0x08007441   Thumb Code    26  stm32f4xx_tim.o(.text)
    TIM_OC1PreloadConfig                     0x0800745b   Thumb Code    18  stm32f4xx_tim.o(.text)
    TIM_OC2PreloadConfig                     0x0800746d   Thumb Code    26  stm32f4xx_tim.o(.text)
    TIM_OC3PreloadConfig                     0x08007487   Thumb Code    18  stm32f4xx_tim.o(.text)
    TIM_OC4PreloadConfig                     0x08007499   Thumb Code    26  stm32f4xx_tim.o(.text)
    TIM_OC1FastConfig                        0x080074b3   Thumb Code    18  stm32f4xx_tim.o(.text)
    TIM_OC2FastConfig                        0x080074c5   Thumb Code    26  stm32f4xx_tim.o(.text)
    TIM_OC3FastConfig                        0x080074df   Thumb Code    18  stm32f4xx_tim.o(.text)
    TIM_OC4FastConfig                        0x080074f1   Thumb Code    26  stm32f4xx_tim.o(.text)
    TIM_ClearOC1Ref                          0x0800750b   Thumb Code    18  stm32f4xx_tim.o(.text)
    TIM_ClearOC2Ref                          0x0800751d   Thumb Code    24  stm32f4xx_tim.o(.text)
    TIM_ClearOC3Ref                          0x08007535   Thumb Code    18  stm32f4xx_tim.o(.text)
    TIM_ClearOC4Ref                          0x08007547   Thumb Code    24  stm32f4xx_tim.o(.text)
    TIM_OC1PolarityConfig                    0x0800755f   Thumb Code    18  stm32f4xx_tim.o(.text)
    TIM_OC1NPolarityConfig                   0x08007571   Thumb Code    18  stm32f4xx_tim.o(.text)
    TIM_OC2PolarityConfig                    0x08007583   Thumb Code    26  stm32f4xx_tim.o(.text)
    TIM_OC2NPolarityConfig                   0x0800759d   Thumb Code    26  stm32f4xx_tim.o(.text)
    TIM_OC3PolarityConfig                    0x080075b7   Thumb Code    26  stm32f4xx_tim.o(.text)
    TIM_OC3NPolarityConfig                   0x080075d1   Thumb Code    26  stm32f4xx_tim.o(.text)
    TIM_OC4PolarityConfig                    0x080075eb   Thumb Code    26  stm32f4xx_tim.o(.text)
    TIM_CCxCmd                               0x08007605   Thumb Code    30  stm32f4xx_tim.o(.text)
    TIM_CCxNCmd                              0x08007623   Thumb Code    30  stm32f4xx_tim.o(.text)
    TIM_SetIC4Prescaler                      0x08007641   Thumb Code    26  stm32f4xx_tim.o(.text)
    TIM_SetIC3Prescaler                      0x080076ab   Thumb Code    18  stm32f4xx_tim.o(.text)
    TIM_SetIC2Prescaler                      0x08007705   Thumb Code    26  stm32f4xx_tim.o(.text)
    TIM_SetIC1Prescaler                      0x08007779   Thumb Code    18  stm32f4xx_tim.o(.text)
    TIM_ICInit                               0x080077c5   Thumb Code   110  stm32f4xx_tim.o(.text)
    TIM_ICStructInit                         0x08007833   Thumb Code    18  stm32f4xx_tim.o(.text)
    TIM_PWMIConfig                           0x08007845   Thumb Code   124  stm32f4xx_tim.o(.text)
    TIM_GetCapture1                          0x080078c1   Thumb Code     6  stm32f4xx_tim.o(.text)
    TIM_GetCapture2                          0x080078c7   Thumb Code     6  stm32f4xx_tim.o(.text)
    TIM_GetCapture3                          0x080078cd   Thumb Code     6  stm32f4xx_tim.o(.text)
    TIM_GetCapture4                          0x080078d3   Thumb Code     6  stm32f4xx_tim.o(.text)
    TIM_BDTRConfig                           0x080078d9   Thumb Code    32  stm32f4xx_tim.o(.text)
    TIM_BDTRStructInit                       0x080078f9   Thumb Code    18  stm32f4xx_tim.o(.text)
    TIM_CtrlPWMOutputs                       0x0800790b   Thumb Code    30  stm32f4xx_tim.o(.text)
    TIM_SelectCOM                            0x08007929   Thumb Code    24  stm32f4xx_tim.o(.text)
    TIM_CCPreloadControl                     0x08007941   Thumb Code    24  stm32f4xx_tim.o(.text)
    TIM_ITConfig                             0x08007959   Thumb Code    18  stm32f4xx_tim.o(.text)
    TIM_GenerateEvent                        0x0800796b   Thumb Code     4  stm32f4xx_tim.o(.text)
    TIM_GetFlagStatus                        0x0800796f   Thumb Code    18  stm32f4xx_tim.o(.text)
    TIM_ClearFlag                            0x08007981   Thumb Code     6  stm32f4xx_tim.o(.text)
    TIM_GetITStatus                          0x08007987   Thumb Code    34  stm32f4xx_tim.o(.text)
    TIM_ClearITPendingBit                    0x080079a9   Thumb Code     6  stm32f4xx_tim.o(.text)
    TIM_DMAConfig                            0x080079af   Thumb Code    10  stm32f4xx_tim.o(.text)
    TIM_DMACmd                               0x080079b9   Thumb Code    18  stm32f4xx_tim.o(.text)
    TIM_SelectCCDMA                          0x080079cb   Thumb Code    24  stm32f4xx_tim.o(.text)
    TIM_InternalClockConfig                  0x080079e3   Thumb Code    12  stm32f4xx_tim.o(.text)
    TIM_SelectInputTrigger                   0x080079ef   Thumb Code    18  stm32f4xx_tim.o(.text)
    TIM_ITRxExternalClockConfig              0x08007a01   Thumb Code    24  stm32f4xx_tim.o(.text)
    TIM_TIxExternalClockConfig               0x08007a19   Thumb Code    62  stm32f4xx_tim.o(.text)
    TIM_ETRConfig                            0x08007a57   Thumb Code    28  stm32f4xx_tim.o(.text)
    TIM_ETRClockMode1Config                  0x08007a73   Thumb Code    54  stm32f4xx_tim.o(.text)
    TIM_ETRClockMode2Config                  0x08007aa9   Thumb Code    32  stm32f4xx_tim.o(.text)
    TIM_SelectOutputTrigger                  0x08007ac9   Thumb Code    18  stm32f4xx_tim.o(.text)
    TIM_SelectSlaveMode                      0x08007adb   Thumb Code    18  stm32f4xx_tim.o(.text)
    TIM_SelectMasterSlaveMode                0x08007aed   Thumb Code    18  stm32f4xx_tim.o(.text)
    TIM_EncoderInterfaceConfig               0x08007aff   Thumb Code    66  stm32f4xx_tim.o(.text)
    TIM_SelectHallSensor                     0x08007b41   Thumb Code    24  stm32f4xx_tim.o(.text)
    TIM_RemapConfig                          0x08007b59   Thumb Code     6  stm32f4xx_tim.o(.text)
    USART_DeInit                             0x08007b61   Thumb Code   156  stm32f4xx_usart.o(.text)
    USART_Init                               0x08007bfd   Thumb Code   204  stm32f4xx_usart.o(.text)
    USART_StructInit                         0x08007cc9   Thumb Code    24  stm32f4xx_usart.o(.text)
    USART_ClockInit                          0x08007ce1   Thumb Code    32  stm32f4xx_usart.o(.text)
    USART_ClockStructInit                    0x08007d01   Thumb Code    12  stm32f4xx_usart.o(.text)
    USART_Cmd                                0x08007d0d   Thumb Code    24  stm32f4xx_usart.o(.text)
    USART_SetPrescaler                       0x08007d25   Thumb Code    16  stm32f4xx_usart.o(.text)
    USART_OverSampling8Cmd                   0x08007d35   Thumb Code    22  stm32f4xx_usart.o(.text)
    USART_OneBitMethodCmd                    0x08007d4b   Thumb Code    24  stm32f4xx_usart.o(.text)
    USART_SendData                           0x08007d63   Thumb Code     8  stm32f4xx_usart.o(.text)
    USART_ReceiveData                        0x08007d6b   Thumb Code    10  stm32f4xx_usart.o(.text)
    USART_SetAddress                         0x08007d75   Thumb Code    18  stm32f4xx_usart.o(.text)
    USART_ReceiverWakeUpCmd                  0x08007d87   Thumb Code    24  stm32f4xx_usart.o(.text)
    USART_WakeUpConfig                       0x08007d9f   Thumb Code    18  stm32f4xx_usart.o(.text)
    USART_LINBreakDetectLengthConfig         0x08007db1   Thumb Code    18  stm32f4xx_usart.o(.text)
    USART_LINCmd                             0x08007dc3   Thumb Code    24  stm32f4xx_usart.o(.text)
    USART_SendBreak                          0x08007ddb   Thumb Code    10  stm32f4xx_usart.o(.text)
    USART_HalfDuplexCmd                      0x08007de5   Thumb Code    24  stm32f4xx_usart.o(.text)
    USART_SetGuardTime                       0x08007dfd   Thumb Code    16  stm32f4xx_usart.o(.text)
    USART_SmartCardCmd                       0x08007e0d   Thumb Code    24  stm32f4xx_usart.o(.text)
    USART_SmartCardNACKCmd                   0x08007e25   Thumb Code    24  stm32f4xx_usart.o(.text)
    USART_IrDAConfig                         0x08007e3d   Thumb Code    18  stm32f4xx_usart.o(.text)
    USART_IrDACmd                            0x08007e4f   Thumb Code    24  stm32f4xx_usart.o(.text)
    USART_DMACmd                             0x08007e67   Thumb Code    18  stm32f4xx_usart.o(.text)
    USART_ITConfig                           0x08007e79   Thumb Code    74  stm32f4xx_usart.o(.text)
    USART_GetFlagStatus                      0x08007ec3   Thumb Code    26  stm32f4xx_usart.o(.text)
    USART_ClearFlag                          0x08007edd   Thumb Code    18  stm32f4xx_usart.o(.text)
    USART_GetITStatus                        0x08007eef   Thumb Code   110  stm32f4xx_usart.o(.text)
    USART_ClearITPendingBit                  0x08007f5d   Thumb Code    30  stm32f4xx_usart.o(.text)
    I2C_DeInit                               0x08007f7d   Thumb Code    82  stm32f4xx_i2c.o(.text)
    I2C_Init                                 0x08007fcf   Thumb Code   218  stm32f4xx_i2c.o(.text)
    I2C_StructInit                           0x080080a9   Thumb Code    30  stm32f4xx_i2c.o(.text)
    I2C_Cmd                                  0x080080c7   Thumb Code    24  stm32f4xx_i2c.o(.text)
    I2C_GenerateSTART                        0x080080df   Thumb Code    24  stm32f4xx_i2c.o(.text)
    I2C_GenerateSTOP                         0x080080f7   Thumb Code    24  stm32f4xx_i2c.o(.text)
    I2C_Send7bitAddress                      0x0800810f   Thumb Code    16  stm32f4xx_i2c.o(.text)
    I2C_AcknowledgeConfig                    0x0800811f   Thumb Code    24  stm32f4xx_i2c.o(.text)
    I2C_OwnAddress2Config                    0x08008137   Thumb Code    22  stm32f4xx_i2c.o(.text)
    I2C_DualAddressCmd                       0x0800814d   Thumb Code    24  stm32f4xx_i2c.o(.text)
    I2C_GeneralCallCmd                       0x08008165   Thumb Code    24  stm32f4xx_i2c.o(.text)
    I2C_SoftwareResetCmd                     0x0800817d   Thumb Code    22  stm32f4xx_i2c.o(.text)
    I2C_StretchClockCmd                      0x08008193   Thumb Code    24  stm32f4xx_i2c.o(.text)
    I2C_FastModeDutyCycleConfig              0x080081ab   Thumb Code    28  stm32f4xx_i2c.o(.text)
    I2C_NACKPositionConfig                   0x080081c7   Thumb Code    28  stm32f4xx_i2c.o(.text)
    I2C_SMBusAlertConfig                     0x080081e3   Thumb Code    28  stm32f4xx_i2c.o(.text)
    I2C_ARPCmd                               0x080081ff   Thumb Code    24  stm32f4xx_i2c.o(.text)
    I2C_SendData                             0x08008217   Thumb Code     4  stm32f4xx_i2c.o(.text)
    I2C_ReceiveData                          0x0800821b   Thumb Code     8  stm32f4xx_i2c.o(.text)
    I2C_TransmitPEC                          0x08008223   Thumb Code    24  stm32f4xx_i2c.o(.text)
    I2C_PECPositionConfig                    0x0800823b   Thumb Code    28  stm32f4xx_i2c.o(.text)
    I2C_CalculatePEC                         0x08008257   Thumb Code    24  stm32f4xx_i2c.o(.text)
    I2C_GetPEC                               0x0800826f   Thumb Code     8  stm32f4xx_i2c.o(.text)
    I2C_DMACmd                               0x08008277   Thumb Code    24  stm32f4xx_i2c.o(.text)
    I2C_DMALastTransferCmd                   0x0800828f   Thumb Code    24  stm32f4xx_i2c.o(.text)
    I2C_ReadRegister                         0x080082a7   Thumb Code    22  stm32f4xx_i2c.o(.text)
    I2C_ITConfig                             0x080082bd   Thumb Code    18  stm32f4xx_i2c.o(.text)
    I2C_CheckEvent                           0x080082cf   Thumb Code    42  stm32f4xx_i2c.o(.text)
    I2C_GetLastEvent                         0x080082f9   Thumb Code    26  stm32f4xx_i2c.o(.text)
    I2C_GetFlagStatus                        0x08008313   Thumb Code    58  stm32f4xx_i2c.o(.text)
    I2C_ClearFlag                            0x0800834d   Thumb Code    12  stm32f4xx_i2c.o(.text)
    I2C_GetITStatus                          0x08008359   Thumb Code    64  stm32f4xx_i2c.o(.text)
    I2C_ClearITPendingBit                    0x08008399   Thumb Code    12  stm32f4xx_i2c.o(.text)
    TIM_Config                               0x080083a5   Thumb Code   262  pwm.o(.text)
    PWM_Config                               0x080084ab   Thumb Code   388  pwm.o(.text)
    PWMIN_Config                             0x0800862f   Thumb Code   174  pwm.o(.text)
    I2C_Config                               0x080086f5   Thumb Code   174  i2c.o(.text)
    I2C_Start_Transmitting                   0x080087a3   Thumb Code    52  i2c.o(.text)
    I2C_Start_Receiving                      0x080087d7   Thumb Code    54  i2c.o(.text)
    I2C_Stop                                 0x0800880d   Thumb Code    26  i2c.o(.text)
    I2C_Master_Write                         0x08008827   Thumb Code    30  i2c.o(.text)
    I2C_Read                                 0x08008845   Thumb Code    16  i2c.o(.text)
    MPU_Config                               0x08008855   Thumb Code    48  i2c.o(.text)
    MPU_Wake                                 0x08008885   Thumb Code    30  i2c.o(.text)
    MPU_ReadAll                              0x080088a3   Thumb Code   114  i2c.o(.text)
    MPU_GetRawData                           0x08008915   Thumb Code   606  i2c.o(.text)
    Kalman                                   0x08008b75   Thumb Code    86  kalman.o(.text)
    getAngle                                 0x08008bcb   Thumb Code  1256  kalman.o(.text)
    setAngle                                 0x080090b3   Thumb Code     8  kalman.o(.text)
    getRate                                  0x080090bb   Thumb Code     8  kalman.o(.text)
    setQangle                                0x080090c3   Thumb Code     8  kalman.o(.text)
    setQbias                                 0x080090cb   Thumb Code     8  kalman.o(.text)
    setRmeasure                              0x080090d3   Thumb Code     8  kalman.o(.text)
    getQangle                                0x080090db   Thumb Code     8  kalman.o(.text)
    getQbias                                 0x080090e3   Thumb Code     8  kalman.o(.text)
    getRmeasure                              0x080090eb   Thumb Code     8  kalman.o(.text)
    UART_DMA_CONFIG                          0x08009111   Thumb Code   256  uart_dma.o(.text)
    USART_config                             0x08009211   Thumb Code    60  uart_dma.o(.text)
    DMA_TX                                   0x0800924d   Thumb Code    78  uart_dma.o(.text)
    SENDDATA                                 0x0800929b   Thumb Code   102  uart_dma.o(.text)
    Fuzzy_ThetaInit                          0x0800930d   Thumb Code   170  fuzzy.o(.text)
    Fuzzy_ThetaDotInit                       0x080093b7   Thumb Code   106  fuzzy.o(.text)
    Fuzzy_Fuzzification                      0x08009421   Thumb Code   256  fuzzy.o(.text)
    Fuzzy_RuleCheck                          0x08009521   Thumb Code   988  fuzzy.o(.text)
    Fuzzy_Defuzzification_Z                  0x080098fd   Thumb Code   170  fuzzy.o(.text)
    Fuzzy_Defuzzification_Y                  0x080099a7   Thumb Code   170  fuzzy.o(.text)
    Fuzzy_EdgeCalc                           0x08009a51   Thumb Code   498  fuzzy.o(.text)
    Fuzzy_MuCalc                             0x08009c43   Thumb Code   836  fuzzy.o(.text)
    Fuzzy_ClearAll                           0x08009f87   Thumb Code   160  fuzzy.o(.text)
    SystemInit                               0x0800a10b   Thumb Code    90  system_stm32f4xx.o(.text)
    SystemCoreClockUpdate                    0x0800a165   Thumb Code   174  system_stm32f4xx.o(.text)
    __use_two_region_memory                  0x0800a241   Thumb Code     2  heapauxi.o(.text)
    __rt_heap_escrow                         0x0800a243   Thumb Code     2  heapauxi.o(.text)
    __rt_heap_expand                         0x0800a245   Thumb Code     2  heapauxi.o(.text)
    __read_errno                             0x0800a247   Thumb Code    10  _rserrno.o(.text)
    __set_errno                              0x0800a251   Thumb Code    12  _rserrno.o(.text)
    __user_libspace                          0x0800a25d   Thumb Code     8  libspace.o(.text)
    __user_perproc_libspace                  0x0800a25d   Thumb Code     0  libspace.o(.text)
    __user_perthread_libspace                0x0800a25d   Thumb Code     0  libspace.o(.text)
    __aeabi_errno_addr                       0x0800a265   Thumb Code     8  rt_errno_addr_intlibspace.o(.text)
    __errno$intlibspace                      0x0800a265   Thumb Code     0  rt_errno_addr_intlibspace.o(.text)
    __rt_errno_addr$intlibspace              0x0800a265   Thumb Code     0  rt_errno_addr_intlibspace.o(.text)
    __user_setup_stackheap                   0x0800a26d   Thumb Code    74  sys_stackheap_outer.o(.text)
    exit                                     0x0800a2b7   Thumb Code    12  exit.o(.text)
    _sys_exit                                0x0800a2c5   Thumb Code     8  sys_exit.o(.text)
    __I$use$semihosting                      0x0800a2d1   Thumb Code     0  use_no_semi.o(.text)
    __use_no_semihosting_swi                 0x0800a2d1   Thumb Code     2  use_no_semi.o(.text)
    __ARM_fpclassify                         0x0800a2d3   Thumb Code    48  fpclassify.o(i.__ARM_fpclassify)
    __semihosting_library_function           0x0800a2d3   Thumb Code     0  indicate_semi.o(.text)
    __ARM_fpclassifyf                        0x0800a303   Thumb Code    38  fpclassifyf.o(i.__ARM_fpclassifyf)
    __hardfp_acos                            0x0800a329   Thumb Code   738  acos.o(i.__hardfp_acos)
    __hardfp_atan                            0x0800a679   Thumb Code   636  atan.o(i.__hardfp_atan)
    __hardfp_atan2f                          0x0800a961   Thumb Code   486  atan2f.o(i.__hardfp_atan2f)
    __hardfp_cos                             0x0800aba9   Thumb Code   200  cos.o(i.__hardfp_cos)
    __hardfp_floor                           0x0800ac81   Thumb Code   252  floor.o(i.__hardfp_floor)
    __hardfp_sin                             0x0800ad99   Thumb Code   200  sin.o(i.__hardfp_sin)
    __hardfp_sqrt                            0x0800ae71   Thumb Code   122  sqrt.o(i.__hardfp_sqrt)
    __ieee754_rem_pio2                       0x0800aef1   Thumb Code   972  rred.o(i.__ieee754_rem_pio2)
    __kernel_cos                             0x0800b349   Thumb Code   322  cos_i.o(i.__kernel_cos)
    __kernel_poly                            0x0800b4b9   Thumb Code   248  poly.o(i.__kernel_poly)
    __kernel_sin                             0x0800b5b1   Thumb Code   280  sin_i.o(i.__kernel_sin)
    __mathlib_dbl_underflow                  0x0800b6e1   Thumb Code    24  dunder.o(i.__mathlib_dbl_underflow)
    __mathlib_flt_underflow                  0x0800b701   Thumb Code    10  funder.o(i.__mathlib_flt_underflow)
    fabs                                     0x0800b711   Thumb Code    32  fabs.o(i.fabs)
    sqrt                                     0x0800b731   Thumb Code   110  sqrt.o(i.sqrt)
    __aeabi_dneg                             0x0800b79f   Thumb Code     0  basic.o(x$fpl$basic)
    _dneg                                    0x0800b79f   Thumb Code     6  basic.o(x$fpl$basic)
    __aeabi_fneg                             0x0800b7a5   Thumb Code     0  basic.o(x$fpl$basic)
    _fneg                                    0x0800b7a5   Thumb Code     6  basic.o(x$fpl$basic)
    _dabs                                    0x0800b7ab   Thumb Code     6  basic.o(x$fpl$basic)
    _fabs                                    0x0800b7b1   Thumb Code     6  basic.o(x$fpl$basic)
    __aeabi_d2f                              0x0800b7b9   Thumb Code     0  d2f.o(x$fpl$d2f)
    _d2f                                     0x0800b7b9   Thumb Code    98  d2f.o(x$fpl$d2f)
    __aeabi_dadd                             0x0800b81d   Thumb Code     0  daddsub_clz.o(x$fpl$dadd)
    _dadd                                    0x0800b81d   Thumb Code   332  daddsub_clz.o(x$fpl$dadd)
    __fpl_dcmp_Inf                           0x0800b96d   Thumb Code    24  dcmpi.o(x$fpl$dcmpinf)
    __aeabi_ddiv                             0x0800b985   Thumb Code     0  ddiv.o(x$fpl$ddiv)
    _ddiv                                    0x0800b985   Thumb Code   552  ddiv.o(x$fpl$ddiv)
    __aeabi_d2iz                             0x0800bc35   Thumb Code     0  dfix.o(x$fpl$dfix)
    _dfix                                    0x0800bc35   Thumb Code    94  dfix.o(x$fpl$dfix)
    __aeabi_i2d                              0x0800bc93   Thumb Code     0  dflt_clz.o(x$fpl$dflt)
    _dflt                                    0x0800bc93   Thumb Code    46  dflt_clz.o(x$fpl$dflt)
    __aeabi_ui2d                             0x0800bcc1   Thumb Code     0  dflt_clz.o(x$fpl$dfltu)
    _dfltu                                   0x0800bcc1   Thumb Code    38  dflt_clz.o(x$fpl$dfltu)
    __aeabi_cdcmple                          0x0800bce9   Thumb Code     0  dleqf.o(x$fpl$dleqf)
    _dcmple                                  0x0800bce9   Thumb Code   120  dleqf.o(x$fpl$dleqf)
    __fpl_dcmple_InfNaN                      0x0800bd4b   Thumb Code     0  dleqf.o(x$fpl$dleqf)
    __aeabi_dmul                             0x0800bd61   Thumb Code     0  dmul.o(x$fpl$dmul)
    _dmul                                    0x0800bd61   Thumb Code   332  dmul.o(x$fpl$dmul)
    __fpl_dnaninf                            0x0800beb5   Thumb Code   156  dnaninf.o(x$fpl$dnaninf)
    __fpl_dretinf                            0x0800bf51   Thumb Code    12  dretinf.o(x$fpl$dretinf)
    __aeabi_cdrcmple                         0x0800bf5d   Thumb Code     0  drleqf.o(x$fpl$drleqf)
    _drcmple                                 0x0800bf5d   Thumb Code   108  drleqf.o(x$fpl$drleqf)
    __aeabi_drsub                            0x0800bfc9   Thumb Code     0  daddsub_clz.o(x$fpl$drsb)
    _drsb                                    0x0800bfc9   Thumb Code    22  daddsub_clz.o(x$fpl$drsb)
    _dsqrt                                   0x0800bfe1   Thumb Code   404  dsqrt_umaal.o(x$fpl$dsqrt)
    __aeabi_dsub                             0x0800c179   Thumb Code     0  daddsub_clz.o(x$fpl$dsub)
    _dsub                                    0x0800c179   Thumb Code   464  daddsub_clz.o(x$fpl$dsub)
    __aeabi_f2d                              0x0800c34d   Thumb Code     0  f2d.o(x$fpl$f2d)
    _f2d                                     0x0800c34d   Thumb Code    86  f2d.o(x$fpl$f2d)
    __fpl_fnaninf                            0x0800c3a3   Thumb Code   140  fnaninf.o(x$fpl$fnaninf)
    _fp_init                                 0x0800c42f   Thumb Code    10  fpinit.o(x$fpl$fpinit)
    __fplib_config_fpu_vfp                   0x0800c437   Thumb Code     0  fpinit.o(x$fpl$fpinit)
    __fplib_config_pureend_doubles           0x0800c437   Thumb Code     0  fpinit.o(x$fpl$fpinit)
    __fpl_fretinf                            0x0800c439   Thumb Code    10  fretinf.o(x$fpl$fretinf)
    __I$use$fp                               0x0800c442   Number         0  usenofp.o(x$fpl$usenofp)
    Region$$Table$$Base                      0x0800c650   Number         0  anon$$obj.o(Region$$Table)
    Region$$Table$$Limit                     0x0800c670   Number         0  anon$$obj.o(Region$$Table)
    pi                                       0x20000000   Data           4  main.o(.data)
    SysTicker                                0x20000004   Data           2  main.o(.data)
    rxindex                                  0x20000006   Data           1  main.o(.data)
    t                                        0x20000008   Data           4  main.o(.data)
    trot_A_LFL_y                             0x2000000c   Data           4  main.o(.data)
    trot_offset_LFL_y                        0x20000010   Data           4  main.o(.data)
    trot_A_LFL_z                             0x20000014   Data           4  main.o(.data)
    trot_offset_LFL_z                        0x20000018   Data           4  main.o(.data)
    trot_A_RFL_y                             0x2000001c   Data           4  main.o(.data)
    trot_offset_RFL_y                        0x20000020   Data           4  main.o(.data)
    trot_A_RFL_z                             0x20000024   Data           4  main.o(.data)
    trot_offset_RFL_z                        0x20000028   Data           4  main.o(.data)
    trot_A_LHL_y                             0x2000002c   Data           4  main.o(.data)
    trot_offset_LHL_y                        0x20000030   Data           4  main.o(.data)
    trot_A_LHL_z                             0x20000034   Data           4  main.o(.data)
    trot_offset_LHL_z                        0x20000038   Data           4  main.o(.data)
    trot_A_RHL_y                             0x2000003c   Data           4  main.o(.data)
    trot_offset_RHL_y                        0x20000040   Data           4  main.o(.data)
    trot_A_RHL_z                             0x20000044   Data           4  main.o(.data)
    trot_offset_RHL_z                        0x20000048   Data           4  main.o(.data)
    creep_A_LFL_x                            0x2000004c   Data           4  main.o(.data)
    creep_offset_LFL_x                       0x20000050   Data           4  main.o(.data)
    creep_A_LFL_y                            0x20000054   Data           4  main.o(.data)
    creep_offset_LFL_y                       0x20000058   Data           4  main.o(.data)
    creep_A_LFL_z                            0x2000005c   Data           4  main.o(.data)
    creep_offset_LFL_z                       0x20000060   Data           4  main.o(.data)
    creep_A_RFL_x                            0x20000064   Data           4  main.o(.data)
    creep_offset_RFL_x                       0x20000068   Data           4  main.o(.data)
    creep_A_RFL_y                            0x2000006c   Data           4  main.o(.data)
    creep_offset_RFL_y                       0x20000070   Data           4  main.o(.data)
    creep_A_RFL_z                            0x20000074   Data           4  main.o(.data)
    creep_offset_RFL_z                       0x20000078   Data           4  main.o(.data)
    creep_A_LHL_x                            0x2000007c   Data           4  main.o(.data)
    creep_offset_LHL_x                       0x20000080   Data           4  main.o(.data)
    creep_A_LHL_y                            0x20000084   Data           4  main.o(.data)
    creep_offset_LHL_y                       0x20000088   Data           4  main.o(.data)
    creep_A_LHL_z                            0x2000008c   Data           4  main.o(.data)
    creep_offset_LHL_z                       0x20000090   Data           4  main.o(.data)
    creep_A_RHL_x                            0x20000094   Data           4  main.o(.data)
    creep_offset_RHL_x                       0x20000098   Data           4  main.o(.data)
    creep_A_RHL_y                            0x2000009c   Data           4  main.o(.data)
    creep_offset_RHL_y                       0x200000a0   Data           4  main.o(.data)
    creep_A_RHL_z                            0x200000a4   Data           4  main.o(.data)
    creep_offset_RHL_z                       0x200000a8   Data           4  main.o(.data)
    creep_x_In                               0x200000ac   Data           4  main.o(.data)
    creep_x_Out                              0x200000b0   Data           4  main.o(.data)
    CCR_now                                  0x200000d4   Data           4  main.o(.data)
    txbuffer                                 0x200000d8   Data           7  main.o(.data)
    RX_tempbuffer                            0x200000df   Data           1  main.o(.data)
    i                                        0x200000e0   Data           1  main.o(.data)
    rx_data                                  0x200000e4   Data           4  main.o(.data)
    X1_Analog                                0x200000e8   Data           1  main.o(.data)
    fuzzy_cb                                 0x200000e9   Data           1  main.o(.data)
    Y1_Analog                                0x200000ea   Data           1  main.o(.data)
    Y2_Analog                                0x200000eb   Data           1  main.o(.data)
    LT_Analog                                0x200000ec   Data           1  main.o(.data)
    RT_Analog                                0x200000ed   Data           1  main.o(.data)
    button                                   0x200000ee   Data           2  main.o(.data)
    gyroX                                    0x200000f0   Data           4  main.o(.data)
    gyroY                                    0x200000f4   Data           4  main.o(.data)
    gyroZ                                    0x200000f8   Data           4  main.o(.data)
    accelX                                   0x200000fc   Data           4  main.o(.data)
    accelY                                   0x20000100   Data           4  main.o(.data)
    accelZ                                   0x20000104   Data           4  main.o(.data)
    tempC                                    0x20000108   Data           4  main.o(.data)
    roll                                     0x2000010c   Data           4  main.o(.data)
    pitch                                    0x20000110   Data           4  main.o(.data)
    yaw                                      0x20000114   Data           4  main.o(.data)
    kalAngleX                                0x20000118   Data           4  main.o(.data)
    theta_r                                  0x2000011c   Data           4  main.o(.data)
    theta_p                                  0x20000120   Data           4  main.o(.data)
    theta_y                                  0x20000124   Data           4  main.o(.data)
    theta_r_prev                             0x20000128   Data           4  main.o(.data)
    theta_r_dot                              0x2000012c   Data           4  main.o(.data)
    theta_p_prev                             0x20000130   Data           4  main.o(.data)
    theta_p_dot                              0x20000134   Data           4  main.o(.data)
    theta_y_prev                             0x20000138   Data           4  main.o(.data)
    theta_y_dot                              0x2000013c   Data           4  main.o(.data)
    temp                                     0x20000140   Data           4  main.o(.data)
    fuzzy_out_z_offset                       0x20000144   Data           4  main.o(.data)
    fuzzy_out_y_offset                       0x20000148   Data           4  main.o(.data)
    phi_LFL_2                                0x2000014c   Data           2  main.o(.data)
    k_LFL_2                                  0x2000014e   Data           2  main.o(.data)
    phi_LFL_1                                0x20000150   Data           2  main.o(.data)
    k_LFL_1                                  0x20000152   Data           2  main.o(.data)
    phi_LFL_0                                0x20000154   Data           2  main.o(.data)
    k_LFL_0                                  0x20000156   Data           2  main.o(.data)
    phi_LHL_2                                0x20000158   Data           2  main.o(.data)
    k_LHL_2                                  0x2000015a   Data           2  main.o(.data)
    phi_LHL_1                                0x2000015c   Data           2  main.o(.data)
    k_LHL_1                                  0x2000015e   Data           2  main.o(.data)
    phi_LHL_0                                0x20000160   Data           2  main.o(.data)
    k_LHL_0                                  0x20000162   Data           2  main.o(.data)
    phi_RFL_2                                0x20000164   Data           2  main.o(.data)
    k_RFL_2                                  0x20000166   Data           2  main.o(.data)
    phi_RFL_1                                0x20000168   Data           2  main.o(.data)
    k_RFL_1                                  0x2000016a   Data           2  main.o(.data)
    phi_RFL_0                                0x2000016c   Data           2  main.o(.data)
    k_RFL_0                                  0x2000016e   Data           2  main.o(.data)
    phi_RHL_2                                0x20000170   Data           2  main.o(.data)
    k_RHL_2                                  0x20000172   Data           2  main.o(.data)
    phi_RHL_1                                0x20000174   Data           2  main.o(.data)
    k_RHL_1                                  0x20000176   Data           2  main.o(.data)
    phi_RHL_0                                0x20000178   Data           2  main.o(.data)
    k_RHL_0                                  0x2000017a   Data           2  main.o(.data)
    fb_LFL_2                                 0x2000017c   Data           1  main.o(.data)
    fb_LFL_1                                 0x2000017d   Data           1  main.o(.data)
    fb_LFL_0                                 0x2000017e   Data           1  main.o(.data)
    fb_LHL_2                                 0x2000017f   Data           1  main.o(.data)
    fb_LHL_1                                 0x20000180   Data           1  main.o(.data)
    fb_LHL_0                                 0x20000181   Data           1  main.o(.data)
    fb_RFL_2                                 0x20000182   Data           1  main.o(.data)
    fb_RFL_1                                 0x20000183   Data           1  main.o(.data)
    fb_RFL_0                                 0x20000184   Data           1  main.o(.data)
    fb_RHL_2                                 0x20000185   Data           1  main.o(.data)
    fb_RHL_1                                 0x20000186   Data           1  main.o(.data)
    fb_RHL_0                                 0x20000187   Data           1  main.o(.data)
    theta_LFL_0                              0x20000188   Data           1  main.o(.data)
    theta_LFL_1                              0x20000189   Data           1  main.o(.data)
    theta_LFL_2                              0x2000018a   Data           1  main.o(.data)
    theta_RFL_0                              0x2000018b   Data           1  main.o(.data)
    theta_RFL_1                              0x2000018c   Data           1  main.o(.data)
    theta_RFL_2                              0x2000018d   Data           1  main.o(.data)
    theta_LHL_0                              0x2000018e   Data           1  main.o(.data)
    theta_LHL_1                              0x2000018f   Data           1  main.o(.data)
    theta_LHL_2                              0x20000190   Data           1  main.o(.data)
    theta_RHL_0                              0x20000191   Data           1  main.o(.data)
    theta_RHL_1                              0x20000192   Data           1  main.o(.data)
    theta_RHL_2                              0x20000193   Data           1  main.o(.data)
    trot_z_LF                                0x20000194   Data           1  main.o(.data)
    trot_y_LF                                0x20000195   Data           1  main.o(.data)
    trot_z_RF                                0x20000196   Data           1  main.o(.data)
    trot_y_RF                                0x20000197   Data           1  main.o(.data)
    trot_z_LH                                0x20000198   Data           1  main.o(.data)
    trot_y_LH                                0x20000199   Data           1  main.o(.data)
    trot_z_RH                                0x2000019a   Data           1  main.o(.data)
    trot_y_RH                                0x2000019b   Data           1  main.o(.data)
    t0                                       0x2000019c   Data           4  main.o(.data)
    t1                                       0x200001a0   Data           4  main.o(.data)
    t2                                       0x200001a4   Data           4  main.o(.data)
    t3                                       0x200001a8   Data           4  main.o(.data)
    t4                                       0x200001ac   Data           4  main.o(.data)
    creep_z_LF                               0x200001b0   Data           1  main.o(.data)
    creep_y_LF                               0x200001b1   Data           1  main.o(.data)
    creep_x_LF                               0x200001b2   Data           1  main.o(.data)
    creep_z_RF                               0x200001b3   Data           1  main.o(.data)
    creep_y_RF                               0x200001b4   Data           1  main.o(.data)
    creep_x_RF                               0x200001b5   Data           1  main.o(.data)
    creep_z_LH                               0x200001b6   Data           1  main.o(.data)
    creep_y_LH                               0x200001b7   Data           1  main.o(.data)
    creep_x_LH                               0x200001b8   Data           1  main.o(.data)
    creep_z_RH                               0x200001b9   Data           1  main.o(.data)
    creep_y_RH                               0x200001ba   Data           1  main.o(.data)
    creep_x_RH                               0x200001bb   Data           1  main.o(.data)
    Q_angle                                  0x200001d0   Data           8  kalman.o(.data)
    Q_bias                                   0x200001d8   Data           8  kalman.o(.data)
    R_measure                                0x200001e0   Data           8  kalman.o(.data)
    angle                                    0x200001e8   Data           8  kalman.o(.data)
    bias                                     0x200001f0   Data           8  kalman.o(.data)
    rate                                     0x200001f8   Data           8  kalman.o(.data)
    y                                        0x20000200   Data           8  kalman.o(.data)
    S                                        0x20000208   Data           8  kalman.o(.data)
    NB_z_offset                              0x20000210   Data           4  fuzzy.o(.data)
    NS_z_offset                              0x20000214   Data           4  fuzzy.o(.data)
    ZE_z_offset                              0x20000218   Data           4  fuzzy.o(.data)
    PS_z_offset                              0x2000021c   Data           4  fuzzy.o(.data)
    PB_z_offset                              0x20000220   Data           4  fuzzy.o(.data)
    NB_y_offset                              0x20000224   Data           4  fuzzy.o(.data)
    NS_y_offset                              0x20000228   Data           4  fuzzy.o(.data)
    ZE_y_offset                              0x2000022c   Data           4  fuzzy.o(.data)
    PS_y_offset                              0x20000230   Data           4  fuzzy.o(.data)
    PB_y_offset                              0x20000234   Data           4  fuzzy.o(.data)
    theta_state                              0x20000238   Data           5  fuzzy.o(.data)
    theta_dot_state                          0x2000023d   Data           3  fuzzy.o(.data)
    out_str_z                                0x20000240   Data           4  fuzzy.o(.data)
    sum_mu_z                                 0x20000244   Data           4  fuzzy.o(.data)
    out_str_y                                0x20000248   Data           4  fuzzy.o(.data)
    sum_mu_y                                 0x2000024c   Data           4  fuzzy.o(.data)
    SystemCoreClock                          0x20000250   Data           4  system_stm32f4xx.o(.data)
    AHBPrescTable                            0x20000254   Data          16  system_stm32f4xx.o(.data)
    rxbuffer                                 0x20000264   Data          98  main.o(.bss)
    I2C_RxBuffer                             0x200002c6   Data          14  main.o(.bss)
    P                                        0x200002d8   Data          32  kalman.o(.bss)
    K                                        0x200002f8   Data          16  kalman.o(.bss)
    theta_left_a                             0x20000308   Data          20  fuzzy.o(.bss)
    theta_left_b                             0x2000031c   Data          20  fuzzy.o(.bss)
    theta_right_a                            0x20000330   Data          20  fuzzy.o(.bss)
    theta_right_b                            0x20000344   Data          20  fuzzy.o(.bss)
    theta_dot_left_a                         0x20000358   Data          12  fuzzy.o(.bss)
    theta_dot_left_b                         0x20000364   Data          12  fuzzy.o(.bss)
    theta_dot_right_a                        0x20000370   Data          12  fuzzy.o(.bss)
    theta_dot_right_b                        0x2000037c   Data          12  fuzzy.o(.bss)
    theta_mu                                 0x20000388   Data          20  fuzzy.o(.bss)
    theta_dot_mu                             0x2000039c   Data          12  fuzzy.o(.bss)
    out_mu                                   0x200003a8   Data          20  fuzzy.o(.bss)
    theta_left                               0x200003bc   Data          20  fuzzy.o(.bss)
    theta_mida                               0x200003d0   Data          20  fuzzy.o(.bss)
    theta_midb                               0x200003e4   Data          20  fuzzy.o(.bss)
    theta_right                              0x200003f8   Data          20  fuzzy.o(.bss)
    theta_dot_left                           0x2000040c   Data          12  fuzzy.o(.bss)
    theta_dot_mida                           0x20000418   Data          12  fuzzy.o(.bss)
    theta_dot_midb                           0x20000424   Data          12  fuzzy.o(.bss)
    theta_dot_right                          0x20000430   Data          12  fuzzy.o(.bss)
    __libspace_start                         0x2000043c   Data          96  libspace.o(.bss)
    __temporary_stack_top$libspace           0x2000049c   Data           0  libspace.o(.bss)



==============================================================================

Memory Map of the image

  Image Entry point : 0x08000189

  Load Region LR_IROM1 (Base: 0x08000000, Size: 0x0000c8d4, Max: 0x00100000, ABSOLUTE, COMPRESSED[0x0000c6c8])

    Execution Region ER_IROM1 (Base: 0x08000000, Size: 0x0000c670, Max: 0x00100000, ABSOLUTE)

    Base Addr    Size         Type   Attr      Idx    E Section Name        Object

    0x08000000   0x00000188   Data   RO            3    RESET               startup_stm32f4xx.o
    0x08000188   0x00000008   Code   RO          600  * !!!main             c_w.l(__main.o)
    0x08000190   0x00000034   Code   RO          976    !!!scatter          c_w.l(__scatter.o)
    0x080001c4   0x0000005a   Code   RO          974    !!dczerorl2         c_w.l(__dczerorl2.o)
    0x0800021e   0x00000002   PAD
    0x08000220   0x0000001c   Code   RO          978    !!handler_zi        c_w.l(__scatter_zi.o)
    0x0800023c   0x00000002   Code   RO          905    .ARM.Collect$$libinit$$00000000  c_w.l(libinit.o)
    0x0800023e   0x00000004   Code   RO          839    .ARM.Collect$$libinit$$00000001  c_w.l(libinit2.o)
    0x08000242   0x00000000   Code   RO          843    .ARM.Collect$$libinit$$00000008  c_w.l(libinit2.o)
    0x08000242   0x00000000   Code   RO          845    .ARM.Collect$$libinit$$0000000A  c_w.l(libinit2.o)
    0x08000242   0x00000000   Code   RO          847    .ARM.Collect$$libinit$$0000000C  c_w.l(libinit2.o)
    0x08000242   0x00000000   Code   RO          850    .ARM.Collect$$libinit$$0000000F  c_w.l(libinit2.o)
    0x08000242   0x00000000   Code   RO          852    .ARM.Collect$$libinit$$00000011  c_w.l(libinit2.o)
    0x08000242   0x00000000   Code   RO          854    .ARM.Collect$$libinit$$00000013  c_w.l(libinit2.o)
    0x08000242   0x00000000   Code   RO          856    .ARM.Collect$$libinit$$00000015  c_w.l(libinit2.o)
    0x08000242   0x00000000   Code   RO          858    .ARM.Collect$$libinit$$00000017  c_w.l(libinit2.o)
    0x08000242   0x00000000   Code   RO          860    .ARM.Collect$$libinit$$00000019  c_w.l(libinit2.o)
    0x08000242   0x00000000   Code   RO          862    .ARM.Collect$$libinit$$0000001B  c_w.l(libinit2.o)
    0x08000242   0x00000000   Code   RO          864    .ARM.Collect$$libinit$$0000001D  c_w.l(libinit2.o)
    0x08000242   0x00000000   Code   RO          866    .ARM.Collect$$libinit$$0000001F  c_w.l(libinit2.o)
    0x08000242   0x00000000   Code   RO          868    .ARM.Collect$$libinit$$00000021  c_w.l(libinit2.o)
    0x08000242   0x00000000   Code   RO          870    .ARM.Collect$$libinit$$00000023  c_w.l(libinit2.o)
    0x08000242   0x00000000   Code   RO          874    .ARM.Collect$$libinit$$0000002A  c_w.l(libinit2.o)
    0x08000242   0x00000000   Code   RO          876    .ARM.Collect$$libinit$$0000002C  c_w.l(libinit2.o)
    0x08000242   0x00000000   Code   RO          878    .ARM.Collect$$libinit$$0000002E  c_w.l(libinit2.o)
    0x08000242   0x00000000   Code   RO          880    .ARM.Collect$$libinit$$00000030  c_w.l(libinit2.o)
    0x08000242   0x00000002   Code   RO          881    .ARM.Collect$$libinit$$00000031  c_w.l(libinit2.o)
    0x08000244   0x00000002   Code   RO          971    .ARM.Collect$$libshutdown$$00000000  c_w.l(libshutdown.o)
    0x08000246   0x00000000   Code   RO          929    .ARM.Collect$$libshutdown$$00000003  c_w.l(libshutdown2.o)
    0x08000246   0x00000000   Code   RO          932    .ARM.Collect$$libshutdown$$00000006  c_w.l(libshutdown2.o)
    0x08000246   0x00000000   Code   RO          935    .ARM.Collect$$libshutdown$$00000009  c_w.l(libshutdown2.o)
    0x08000246   0x00000000   Code   RO          937    .ARM.Collect$$libshutdown$$0000000B  c_w.l(libshutdown2.o)
    0x08000246   0x00000000   Code   RO          940    .ARM.Collect$$libshutdown$$0000000E  c_w.l(libshutdown2.o)
    0x08000246   0x00000002   Code   RO          941    .ARM.Collect$$libshutdown$$0000000F  c_w.l(libshutdown2.o)
    0x08000248   0x00000000   Code   RO          722    .ARM.Collect$$rtentry$$00000000  c_w.l(rtentry.o)
    0x08000248   0x00000000   Code   RO          799    .ARM.Collect$$rtentry$$00000002  c_w.l(rtentry2.o)
    0x08000248   0x00000006   Code   RO          811    .ARM.Collect$$rtentry$$00000004  c_w.l(rtentry4.o)
    0x0800024e   0x00000000   Code   RO          801    .ARM.Collect$$rtentry$$00000009  c_w.l(rtentry2.o)
    0x0800024e   0x00000004   Code   RO          802    .ARM.Collect$$rtentry$$0000000A  c_w.l(rtentry2.o)
    0x08000252   0x00000000   Code   RO          804    .ARM.Collect$$rtentry$$0000000C  c_w.l(rtentry2.o)
    0x08000252   0x00000008   Code   RO          805    .ARM.Collect$$rtentry$$0000000D  c_w.l(rtentry2.o)
    0x0800025a   0x00000002   Code   RO          913    .ARM.Collect$$rtexit$$00000000  c_w.l(rtexit.o)
    0x0800025c   0x00000000   Code   RO          945    .ARM.Collect$$rtexit$$00000002  c_w.l(rtexit2.o)
    0x0800025c   0x00000004   Code   RO          946    .ARM.Collect$$rtexit$$00000003  c_w.l(rtexit2.o)
    0x08000260   0x00000006   Code   RO          947    .ARM.Collect$$rtexit$$00000004  c_w.l(rtexit2.o)
    0x08000266   0x00000002   PAD
    0x08000268   0x00000040   Code   RO            4    .text               startup_stm32f4xx.o
    0x080002a8   0x00005fa8   Code   RO           12    .text               main.o
    0x08006250   0x000000e4   Code   RO          170    .text               misc.o
    0x08006334   0x000003a4   Code   RO          194    .text               stm32f4xx_dma.o
    0x080066d8   0x0000025c   Code   RO          234    .text               stm32f4xx_gpio.o
    0x08006934   0x00000588   Code   RO          254    .text               stm32f4xx_rcc.o
    0x08006ebc   0x00000ca2   Code   RO          296    .text               stm32f4xx_tim.o
    0x08007b5e   0x00000002   PAD
    0x08007b60   0x0000041a   Code   RO          316    .text               stm32f4xx_usart.o
    0x08007f7a   0x00000002   PAD
    0x08007f7c   0x00000428   Code   RO          356    .text               stm32f4xx_i2c.o
    0x080083a4   0x00000350   Code   RO          376    .text               pwm.o
    0x080086f4   0x0000047e   Code   RO          396    .text               i2c.o
    0x08008b72   0x00000002   PAD
    0x08008b74   0x0000059c   Code   RO          419    .text               kalman.o
    0x08009110   0x000001fc   Code   RO          464    .text               uart_dma.o
    0x0800930c   0x00000d24   Code   RO          487    .text               fuzzy.o
    0x0800a030   0x00000210   Code   RO          514    .text               system_stm32f4xx.o
    0x0800a240   0x00000006   Code   RO          598    .text               c_w.l(heapauxi.o)
    0x0800a246   0x00000016   Code   RO          750    .text               c_w.l(_rserrno.o)
    0x0800a25c   0x00000008   Code   RO          795    .text               c_w.l(libspace.o)
    0x0800a264   0x00000008   Code   RO          816    .text               c_w.l(rt_errno_addr_intlibspace.o)
    0x0800a26c   0x0000004a   Code   RO          884    .text               c_w.l(sys_stackheap_outer.o)
    0x0800a2b6   0x0000000c   Code   RO          892    .text               c_w.l(exit.o)
    0x0800a2c2   0x00000002   PAD
    0x0800a2c4   0x0000000c   Code   RO          908    .text               c_w.l(sys_exit.o)
    0x0800a2d0   0x00000002   Code   RO          910    .text               c_w.l(use_no_semi.o)
    0x0800a2d2   0x00000000   Code   RO          912    .text               c_w.l(indicate_semi.o)
    0x0800a2d2   0x00000030   Code   RO          776    i.__ARM_fpclassify  m_wm.l(fpclassify.o)
    0x0800a302   0x00000026   Code   RO          778    i.__ARM_fpclassifyf  m_wm.l(fpclassifyf.o)
    0x0800a328   0x00000350   Code   RO          632    i.__hardfp_acos     m_wm.l(acos.o)
    0x0800a678   0x000002e8   Code   RO          646    i.__hardfp_atan     m_wm.l(atan.o)
    0x0800a960   0x00000248   Code   RO          660    i.__hardfp_atan2f   m_wm.l(atan2f.o)
    0x0800aba8   0x000000d8   Code   RO          672    i.__hardfp_cos      m_wm.l(cos.o)
    0x0800ac80   0x00000118   Code   RO          690    i.__hardfp_floor    m_wm.l(floor.o)
    0x0800ad98   0x000000d8   Code   RO          696    i.__hardfp_sin      m_wm.l(sin.o)
    0x0800ae70   0x0000007a   Code   RO          708    i.__hardfp_sqrt     m_wm.l(sqrt.o)
    0x0800aeea   0x00000006   PAD
    0x0800aef0   0x00000458   Code   RO          784    i.__ieee754_rem_pio2  m_wm.l(rred.o)
    0x0800b348   0x00000170   Code   RO          771    i.__kernel_cos      m_wm.l(cos_i.o)
    0x0800b4b8   0x000000f8   Code   RO          782    i.__kernel_poly     m_wm.l(poly.o)
    0x0800b5b0   0x00000130   Code   RO          789    i.__kernel_sin      m_wm.l(sin_i.o)
    0x0800b6e0   0x00000020   Code   RO          774    i.__mathlib_dbl_underflow  m_wm.l(dunder.o)
    0x0800b700   0x00000010   Code   RO          780    i.__mathlib_flt_underflow  m_wm.l(funder.o)
    0x0800b710   0x00000020   Code   RO          686    i.fabs              m_wm.l(fabs.o)
    0x0800b730   0x0000006e   Code   RO          710    i.sqrt              m_wm.l(sqrt.o)
    0x0800b79e   0x00000018   Code   RO          756    x$fpl$basic         fz_wm.l(basic.o)
    0x0800b7b6   0x00000002   PAD
    0x0800b7b8   0x00000062   Code   RO          602    x$fpl$d2f           fz_wm.l(d2f.o)
    0x0800b81a   0x00000002   PAD
    0x0800b81c   0x00000150   Code   RO          604    x$fpl$dadd          fz_wm.l(daddsub_clz.o)
    0x0800b96c   0x00000018   Code   RO          758    x$fpl$dcmpinf       fz_wm.l(dcmpi.o)
    0x0800b984   0x000002b0   Code   RO          611    x$fpl$ddiv          fz_wm.l(ddiv.o)
    0x0800bc34   0x0000005e   Code   RO          614    x$fpl$dfix          fz_wm.l(dfix.o)
    0x0800bc92   0x0000002e   Code   RO          619    x$fpl$dflt          fz_wm.l(dflt_clz.o)
    0x0800bcc0   0x00000026   Code   RO          618    x$fpl$dfltu         fz_wm.l(dflt_clz.o)
    0x0800bce6   0x00000002   PAD
    0x0800bce8   0x00000078   Code   RO          624    x$fpl$dleqf         fz_wm.l(dleqf.o)
    0x0800bd60   0x00000154   Code   RO          626    x$fpl$dmul          fz_wm.l(dmul.o)
    0x0800beb4   0x0000009c   Code   RO          760    x$fpl$dnaninf       fz_wm.l(dnaninf.o)
    0x0800bf50   0x0000000c   Code   RO          762    x$fpl$dretinf       fz_wm.l(dretinf.o)
    0x0800bf5c   0x0000006c   Code   RO          628    x$fpl$drleqf        fz_wm.l(drleqf.o)
    0x0800bfc8   0x00000016   Code   RO          605    x$fpl$drsb          fz_wm.l(daddsub_clz.o)
    0x0800bfde   0x00000002   PAD
    0x0800bfe0   0x00000198   Code   RO          764    x$fpl$dsqrt         fz_wm.l(dsqrt_umaal.o)
    0x0800c178   0x000001d4   Code   RO          606    x$fpl$dsub          fz_wm.l(daddsub_clz.o)
    0x0800c34c   0x00000056   Code   RO          630    x$fpl$f2d           fz_wm.l(f2d.o)
    0x0800c3a2   0x0000008c   Code   RO          766    x$fpl$fnaninf       fz_wm.l(fnaninf.o)
    0x0800c42e   0x0000000a   Code   RO          906    x$fpl$fpinit        fz_wm.l(fpinit.o)
    0x0800c438   0x0000000a   Code   RO          768    x$fpl$fretinf       fz_wm.l(fretinf.o)
    0x0800c442   0x00000000   Code   RO          770    x$fpl$usenofp       fz_wm.l(usenofp.o)
    0x0800c442   0x00000006   PAD
    0x0800c448   0x00000050   Data   RO          635    .constdata          m_wm.l(acos.o)
    0x0800c498   0x00000098   Data   RO          649    .constdata          m_wm.l(atan.o)
    0x0800c530   0x00000030   Data   RO          772    .constdata          m_wm.l(cos_i.o)
    0x0800c560   0x000000c8   Data   RO          786    .constdata          m_wm.l(rred.o)
    0x0800c628   0x00000028   Data   RO          790    .constdata          m_wm.l(sin_i.o)
    0x0800c650   0x00000020   Data   RO          972    Region$$Table       anon$$obj.o


    Execution Region RW_IRAM1 (Base: 0x20000000, Size: 0x00000aa0, Max: 0x00020000, ABSOLUTE, COMPRESSED[0x00000058])

    Base Addr    Size         Type   Attr      Idx    E Section Name        Object

    0x20000000   0x000001bc   Data   RW           14    .data               main.o
    0x200001bc   0x00000010   Data   RW          255    .data               stm32f4xx_rcc.o
    0x200001cc   0x00000004   PAD
    0x200001d0   0x00000040   Data   RW          421    .data               kalman.o
    0x20000210   0x00000040   Data   RW          489    .data               fuzzy.o
    0x20000250   0x00000014   Data   RW          515    .data               system_stm32f4xx.o
    0x20000264   0x00000070   Zero   RW           13    .bss                main.o
    0x200002d4   0x00000004   PAD
    0x200002d8   0x00000030   Zero   RW          420    .bss                kalman.o
    0x20000308   0x00000134   Zero   RW          488    .bss                fuzzy.o
    0x2000043c   0x00000060   Zero   RW          796    .bss                c_w.l(libspace.o)
    0x2000049c   0x00000004   PAD
    0x200004a0   0x00000200   Zero   RW            2    HEAP                startup_stm32f4xx.o
    0x200006a0   0x00000400   Zero   RW            1    STACK               startup_stm32f4xx.o


==============================================================================

Image component sizes


      Code (inc. data)   RO Data    RW Data    ZI Data      Debug   Object Name

      3364        274          0         64        308       6023   fuzzy.o
      1150         56          0          0          0       3018   i2c.o
      1436        102          0         64         48       2732   kalman.o
     24488       1842          0        444        112     348015   main.o
       228         22          0          0          0       1857   misc.o
       848         24          0          0          0       1461   pwm.o
        64         26        392          0       1536        876   startup_stm32f4xx.o
       932         32          0          0          0       6337   stm32f4xx_dma.o
       604         36          0          0          0       4105   stm32f4xx_gpio.o
      1064         26          0          0          0       8167   stm32f4xx_i2c.o
      1416         48          0         16          0      11007   stm32f4xx_rcc.o
      3234         60          0          0          0      22336   stm32f4xx_tim.o
      1050         26          0          0          0       7812   stm32f4xx_usart.o
       528         46          0         20          0       1967   system_stm32f4xx.o
       508         20          0          0          0       1983   uart_dma.o

    ----------------------------------------------------------------------
     40920       2640        424        612       2008     427696   Object Totals
         0          0         32          0          0          0   (incl. Generated)
         6          0          0          4          4          0   (incl. Padding)

    ----------------------------------------------------------------------

      Code (inc. data)   RO Data    RW Data    ZI Data      Debug   Library Member Name

        90          0          0          0          0          0   __dczerorl2.o
         8          0          0          0          0         68   __main.o
        52          8          0          0          0          0   __scatter.o
        28          0          0          0          0          0   __scatter_zi.o
        22          0          0          0          0        100   _rserrno.o
        12          0          0          0          0         72   exit.o
         6          0          0          0          0        152   heapauxi.o
         0          0          0          0          0          0   indicate_semi.o
         2          0          0          0          0          0   libinit.o
         6          0          0          0          0          0   libinit2.o
         2          0          0          0          0          0   libshutdown.o
         2          0          0          0          0          0   libshutdown2.o
         8          4          0          0         96         68   libspace.o
         8          4          0          0          0         68   rt_errno_addr_intlibspace.o
         0          0          0          0          0          0   rtentry.o
        12          0          0          0          0          0   rtentry2.o
         6          0          0          0          0          0   rtentry4.o
         2          0          0          0          0          0   rtexit.o
        10          0          0          0          0          0   rtexit2.o
        12          4          0          0          0         68   sys_exit.o
        74          0          0          0          0         80   sys_stackheap_outer.o
         2          0          0          0          0         68   use_no_semi.o
        24          0          0          0          0        164   basic.o
        98          4          0          0          0        140   d2f.o
       826         16          0          0          0        492   daddsub_clz.o
        24          0          0          0          0        116   dcmpi.o
       688        140          0          0          0        256   ddiv.o
        94          4          0          0          0        140   dfix.o
        84          0          0          0          0        232   dflt_clz.o
       120          4          0          0          0        140   dleqf.o
       340         12          0          0          0        152   dmul.o
       156          4          0          0          0        140   dnaninf.o
        12          0          0          0          0        116   dretinf.o
       108          0          0          0          0        128   drleqf.o
       408         56          0          0          0        168   dsqrt_umaal.o
        86          4          0          0          0        132   f2d.o
       140          4          0          0          0        132   fnaninf.o
        10          0          0          0          0        116   fpinit.o
        10          0          0          0          0        116   fretinf.o
         0          0          0          0          0          0   usenofp.o
       848        110         80          0          0        188   acos.o
       744        108        152          0          0        220   atan.o
       584         98          0          0          0        176   atan2f.o
       216         16          0          0          0        152   cos.o
       368         46         48          0          0        200   cos_i.o
        32          8          0          0          0        124   dunder.o
        32          0          0          0          0        124   fabs.o
       280         28          0          0          0        156   floor.o
        48          0          0          0          0        124   fpclassify.o
        38          0          0          0          0        116   fpclassifyf.o
        16          6          0          0          0        116   funder.o
       248          0          0          0          0        152   poly.o
      1112        140        200          0          0        188   rred.o
       216         16          0          0          0        152   sin.o
       304         24         40          0          0        208   sin_i.o
       232          0          0          0          0        296   sqrt.o

    ----------------------------------------------------------------------
      8936        868        520          0        100       6316   Library Totals
        26          0          0          0          4          0   (incl. Padding)

    ----------------------------------------------------------------------

      Code (inc. data)   RO Data    RW Data    ZI Data      Debug   Library Name

       364         20          0          0         96        744   c_w.l
      3228        248          0          0          0       2880   fz_wm.l
      5318        600        520          0          0       2692   m_wm.l

    ----------------------------------------------------------------------
      8936        868        520          0        100       6316   Library Totals

    ----------------------------------------------------------------------

==============================================================================


      Code (inc. data)   RO Data    RW Data    ZI Data      Debug   

     49856       3508        944        612       2108     426648   Grand Totals
     49856       3508        944         88       2108     426648   ELF Image Totals (compressed)
     49856       3508        944         88          0          0   ROM Totals

==============================================================================

    Total RO  Size (Code + RO Data)                50800 (  49.61kB)
    Total RW  Size (RW Data + ZI Data)              2720 (   2.66kB)
    Total ROM Size (Code + RO Data + RW Data)      50888 (  49.70kB)

==============================================================================

